#
# There is insufficient memory for the Java Runtime Environment to continue.
# Native memory allocation (malloc) failed to allocate 2020848 bytes. Error detail: Chunk::new
# Possible reasons:
#   The system is out of physical RAM or swap space
#   This process is running with CompressedOops enabled, and the Java Heap may be blocking the growth of the native heap
# Possible solutions:
#   Reduce memory load on the system
#   Increase physical memory or swap space
#   Check if swap backing store is full
#   Decrease Java heap size (-Xmx/-Xms)
#   Decrease number of Java threads
#   Decrease Java thread stack sizes (-Xss)
#   Set larger code cache with -XX:ReservedCodeCacheSize=
#   JVM is running with Unscaled Compressed Oops mode in which the Java heap is
#     placed in the first 4GB address space. The Java Heap base address is the
#     maximum limit for the native heap growth. Please use -XX:HeapBaseMinAddress
#     to set the Java Heap base and to place the Java Heap above 4GB virtual address.
# This output file may be truncated or incomplete.
#
#  Out of Memory Error (arena.cpp:168), pid=10428, tid=3264
#
# JRE version: OpenJDK Runtime Environment (21.0.10) (build 21.0.10+-14961533-b1163.108)
# Java VM: OpenJDK 64-Bit Server VM (21.0.10+-14961533-b1163.108, mixed mode, tiered, compressed oops, compressed class ptrs, g1 gc, windows-amd64)
# No core dump will be written. Minidumps are not enabled by default on client versions of Windows
#

---------------  S U M M A R Y ------------

Command Line: --add-opens=java.base/java.lang=ALL-UNNAMED --add-opens=java.base/java.lang.invoke=ALL-UNNAMED --add-opens=java.base/java.util=ALL-UNNAMED --add-opens=java.prefs/java.util.prefs=ALL-UNNAMED --add-exports=jdk.compiler/com.sun.tools.javac.api=ALL-UNNAMED --add-exports=jdk.compiler/com.sun.tools.javac.util=ALL-UNNAMED --add-opens=java.base/java.util=ALL-UNNAMED --add-opens=java.prefs/java.util.prefs=ALL-UNNAMED --add-opens=java.base/java.nio.charset=ALL-UNNAMED --add-opens=java.base/java.net=ALL-UNNAMED --add-opens=java.base/java.util.concurrent=ALL-UNNAMED --add-opens=java.base/java.util.concurrent.atomic=ALL-UNNAMED --add-opens=java.xml/javax.xml.namespace=ALL-UNNAMED --add-opens=java.base/java.time=ALL-UNNAMED -Xmx2048m -Dfile.encoding=UTF-8 -Duser.country=US -Duser.language=en -Duser.variant -javaagent:C:\Users\Kabo\.gradle\wrapper\dists\gradle-9.3.1-bin\23ovyewtku6u96viwx3xl3oks\gradle-9.3.1\lib\agents\gradle-instrumentation-agent-9.3.1.jar org.gradle.launcher.daemon.bootstrap.GradleDaemon 9.3.1

Host: AMD Ryzen 5 5500U with Radeon Graphics         , 12 cores, 7G,  Windows 11 , 64 bit Build 26100 (10.0.26100.8328)
Time: Fri Jun  5 03:47:07 2026 Egypt Daylight Time elapsed time: 10.751264 seconds (0d 0h 0m 10s)

---------------  T H R E A D  ---------------

Current thread (0x00000195ab7fcbf0):  JavaThread "C2 CompilerThread1" daemon [_thread_in_native, id=3264, stack(0x000000847f500000,0x000000847f600000) (1024K)]


Current CompileTask:
C2:10751 7213       4       java.net.URLClassLoader$1::run (5 bytes)

Stack: [0x000000847f500000,0x000000847f600000]
Native frames: (J=compiled Java code, j=interpreted, Vv=VM code, C=native code)
V  [jvm.dll+0x6d78a9]
V  [jvm.dll+0x8665b3]
V  [jvm.dll+0x868bde]
V  [jvm.dll+0x8692c3]
V  [jvm.dll+0x280ee6]
V  [jvm.dll+0xc07cd]
V  [jvm.dll+0xc0d03]
V  [jvm.dll+0x3ba0cb]
V  [jvm.dll+0x385df7]
V  [jvm.dll+0x38526a]
V  [jvm.dll+0x249bd2]
V  [jvm.dll+0x2491a1]
V  [jvm.dll+0x1c76e4]
V  [jvm.dll+0x25891e]
V  [jvm.dll+0x256e66]
V  [jvm.dll+0x3f513e]
V  [jvm.dll+0x80fd28]
V  [jvm.dll+0x6d60fd]
C  [ucrtbase.dll+0x37b0]
C  [KERNEL32.DLL+0x2e957]
C  [ntdll.dll+0x427c]


---------------  P R O C E S S  ---------------

Threads class SMR info:
_java_thread_list=0x00000195ac23c530, length=74, elements={
0x000001958a4fcbb0, 0x00000195a2200b60, 0x00000195a221ae40, 0x00000195a221b8a0,
0x00000195a2244c80, 0x00000195a22452f0, 0x00000195a2245d50, 0x00000195a22467b0,
0x00000195a220fd10, 0x00000195a2246e20, 0x00000195a2571ff0, 0x00000195a76c59c0,
0x00000195a790fdd0, 0x00000195a899dbe0, 0x00000195a9199c40, 0x00000195a919be80,
0x00000195a911fec0, 0x00000195a8e79fa0, 0x00000195a8e7a630, 0x00000195a8e79280,
0x00000195a8e7c070, 0x00000195a8e78bf0, 0x00000195a8e7b9e0, 0x00000195a8e7acc0,
0x00000195a9604d40, 0x00000195a96046b0, 0x00000195a96053d0, 0x00000195a96060f0,
0x00000195a9606780, 0x00000195a9606e10, 0x00000195a96074a0, 0x00000195a9607b30,
0x00000195a9cd3d30, 0x00000195a9cd43c0, 0x00000195a9cd5770, 0x00000195a9cd7ed0,
0x00000195a9cd7840, 0x00000195a9cd6490, 0x00000195a9cd6b20, 0x00000195a9cd4a50,
0x00000195a9cd5e00, 0x00000195a9cd8560, 0x00000195a9cd50e0, 0x00000195a9cd9280,
0x00000195a9cdb350, 0x00000195a9cda630, 0x00000195a9cd8bf0, 0x00000195a9cd9910,
0x00000195a9cdacc0, 0x00000195a9cd9fa0, 0x00000195ac501e50, 0x00000195ac500410,
0x00000195ac501130, 0x00000195ac5017c0, 0x00000195ac500aa0, 0x00000195ac5024e0,
0x00000195ac4ff060, 0x00000195ac502b70, 0x00000195ac4ff6f0, 0x00000195ac503200,
0x00000195ac4ffd80, 0x00000195ac503890, 0x00000195ac5045b0, 0x00000195ac503f20,
0x00000195ac504c40, 0x00000195ac5052d0, 0x00000195ac506680, 0x00000195ac505960,
0x00000195ac505ff0, 0x00000195aca92f60, 0x00000195aca91bb0, 0x00000195aca92240,
0x00000195aca90800, 0x00000195ab7fcbf0
}

Java Threads: ( => current thread )
  0x000001958a4fcbb0 JavaThread "main"                              [_thread_blocked, id=13812, stack(0x0000008479900000,0x0000008479a00000) (1024K)]
  0x00000195a2200b60 JavaThread "Common-Cleaner"             daemon [_thread_blocked, id=16188, stack(0x000000847a100000,0x000000847a200000) (1024K)]
  0x00000195a221ae40 JavaThread "Reference Handler"          daemon [_thread_blocked, id=21996, stack(0x000000847a200000,0x000000847a300000) (1024K)]
  0x00000195a221b8a0 JavaThread "Finalizer"                  daemon [_thread_blocked, id=10488, stack(0x000000847a300000,0x000000847a400000) (1024K)]
  0x00000195a2244c80 JavaThread "Signal Dispatcher"          daemon [_thread_blocked, id=28256, stack(0x000000847a400000,0x000000847a500000) (1024K)]
  0x00000195a22452f0 JavaThread "Attach Listener"            daemon [_thread_blocked, id=22004, stack(0x000000847a500000,0x000000847a600000) (1024K)]
  0x00000195a2245d50 JavaThread "Service Thread"             daemon [_thread_blocked, id=12184, stack(0x000000847a600000,0x000000847a700000) (1024K)]
  0x00000195a22467b0 JavaThread "Monitor Deflation Thread"   daemon [_thread_blocked, id=15100, stack(0x000000847a700000,0x000000847a800000) (1024K)]
  0x00000195a220fd10 JavaThread "C2 CompilerThread0"         daemon [_thread_in_native, id=26108, stack(0x000000847a800000,0x000000847a900000) (1024K)]
  0x00000195a2246e20 JavaThread "C1 CompilerThread0"         daemon [_thread_in_native, id=8008, stack(0x000000847a900000,0x000000847aa00000) (1024K)]
  0x00000195a2571ff0 JavaThread "Notification Thread"        daemon [_thread_blocked, id=18108, stack(0x000000847aa00000,0x000000847ab00000) (1024K)]
  0x00000195a76c59c0 JavaThread "Daemon health stats"               [_thread_blocked, id=31560, stack(0x000000847b400000,0x000000847b500000) (1024K)]
  0x00000195a790fdd0 JavaThread "Incoming local TCP Connector on port 52575"        [_thread_in_native, id=23164, stack(0x000000847b500000,0x000000847b600000) (1024K)]
  0x00000195a899dbe0 JavaThread "Daemon periodic checks"            [_thread_blocked, id=16956, stack(0x000000847b600000,0x000000847b700000) (1024K)]
  0x00000195a9199c40 JavaThread "Daemon"                            [_thread_blocked, id=23236, stack(0x000000847b700000,0x000000847b800000) (1024K)]
  0x00000195a919be80 JavaThread "Handler for socket connection from /127.0.0.1:52575 to /127.0.0.1:52576"        [_thread_in_native, id=20920, stack(0x000000847b800000,0x000000847b900000) (1024K)]
  0x00000195a911fec0 JavaThread "Cancel handler"                    [_thread_blocked, id=25868, stack(0x000000847b900000,0x000000847ba00000) (1024K)]
  0x00000195a8e79fa0 JavaThread "Daemon worker"                     [_thread_in_vm, id=17912, stack(0x000000847ba00000,0x000000847bb00000) (1024K)]
  0x00000195a8e7a630 JavaThread "Asynchronous log dispatcher for DefaultDaemonConnection: socket connection from /127.0.0.1:52575 to /127.0.0.1:52576"        [_thread_blocked, id=8372, stack(0x000000847be00000,0x000000847bf00000) (1024K)]
  0x00000195a8e79280 JavaThread "Stdin handler"                     [_thread_blocked, id=28852, stack(0x000000847bf00000,0x000000847c000000) (1024K)]
  0x00000195a8e7c070 JavaThread "Daemon client event forwarder"        [_thread_blocked, id=9732, stack(0x000000847c000000,0x000000847c100000) (1024K)]
  0x00000195a8e78bf0 JavaThread "Cache worker for journal cache (C:\Users\Kabo\.gradle\caches\journal-1)"        [_thread_blocked, id=4920, stack(0x000000847c100000,0x000000847c200000) (1024K)]
  0x00000195a8e7b9e0 JavaThread "File lock request listener"        [_thread_in_native, id=17192, stack(0x000000847c200000,0x000000847c300000) (1024K)]
  0x00000195a8e7acc0 JavaThread "Cache worker for file hash cache (C:\Users\Kabo\.gradle\caches\9.3.1\fileHashes)"        [_thread_blocked, id=30612, stack(0x000000847c300000,0x000000847c400000) (1024K)]
  0x00000195a9604d40 JavaThread "Cache worker for file hash cache (D:\android_projects\DEPI-Final-Project-BloodBank\.gradle\9.3.1\fileHashes)"        [_thread_blocked, id=5240, stack(0x000000847c400000,0x000000847c500000) (1024K)]
  0x00000195a96046b0 JavaThread "Cache worker for Build Output Cleanup Cache (D:\android_projects\DEPI-Final-Project-BloodBank\.gradle\buildOutputCleanup)"        [_thread_blocked, id=17956, stack(0x000000847c500000,0x000000847c600000) (1024K)]
  0x00000195a96053d0 JavaThread "File watcher server"        daemon [_thread_in_native, id=4212, stack(0x000000847c600000,0x000000847c700000) (1024K)]
  0x00000195a96060f0 JavaThread "File watcher consumer"      daemon [_thread_blocked, id=2588, stack(0x000000847c700000,0x000000847c800000) (1024K)]
  0x00000195a9606780 JavaThread "Cache worker for checksums cache (D:\android_projects\DEPI-Final-Project-BloodBank\.gradle\9.3.1\checksums)"        [_thread_blocked, id=18140, stack(0x000000847c800000,0x000000847c900000) (1024K)]
  0x00000195a9606e10 JavaThread "Cache worker for file content cache (C:\Users\Kabo\.gradle\caches\9.3.1\fileContent)"        [_thread_blocked, id=20412, stack(0x000000847c900000,0x000000847ca00000) (1024K)]
  0x00000195a96074a0 JavaThread "Cache worker for cache directory md-supplier (C:\Users\Kabo\.gradle\caches\9.3.1\md-supplier)"        [_thread_blocked, id=27036, stack(0x000000847ca00000,0x000000847cb00000) (1024K)]
  0x00000195a9607b30 JavaThread "Cache worker for cache directory md-rule (C:\Users\Kabo\.gradle\caches\9.3.1\md-rule)"        [_thread_blocked, id=28036, stack(0x000000847cb00000,0x000000847cc00000) (1024K)]
  0x00000195a9cd3d30 JavaThread "jar transforms"                    [_thread_blocked, id=7200, stack(0x000000847cc00000,0x000000847cd00000) (1024K)]
  0x00000195a9cd43c0 JavaThread "jar transforms Thread 2"           [_thread_blocked, id=17744, stack(0x000000847cd00000,0x000000847ce00000) (1024K)]
  0x00000195a9cd5770 JavaThread "jar transforms Thread 3"           [_thread_blocked, id=31028, stack(0x000000847cf00000,0x000000847d000000) (1024K)]
  0x00000195a9cd7ed0 JavaThread "Unconstrained build operations"        [_thread_blocked, id=15040, stack(0x000000847d000000,0x000000847d100000) (1024K)]
  0x00000195a9cd7840 JavaThread "Unconstrained build operations Thread 2"        [_thread_blocked, id=9224, stack(0x000000847d100000,0x000000847d200000) (1024K)]
  0x00000195a9cd6490 JavaThread "Unconstrained build operations Thread 3"        [_thread_blocked, id=19972, stack(0x000000847d200000,0x000000847d300000) (1024K)]
  0x00000195a9cd6b20 JavaThread "Unconstrained build operations Thread 4"        [_thread_blocked, id=11684, stack(0x000000847d300000,0x000000847d400000) (1024K)]
  0x00000195a9cd4a50 JavaThread "Unconstrained build operations Thread 5"        [_thread_blocked, id=29948, stack(0x000000847d400000,0x000000847d500000) (1024K)]
  0x00000195a9cd5e00 JavaThread "Unconstrained build operations Thread 6"        [_thread_blocked, id=31496, stack(0x000000847d500000,0x000000847d600000) (1024K)]
  0x00000195a9cd8560 JavaThread "Unconstrained build operations Thread 7"        [_thread_blocked, id=17352, stack(0x000000847d600000,0x000000847d700000) (1024K)]
  0x00000195a9cd50e0 JavaThread "Unconstrained build operations Thread 8"        [_thread_blocked, id=22208, stack(0x000000847d700000,0x000000847d800000) (1024K)]
  0x00000195a9cd9280 JavaThread "Unconstrained build operations Thread 9"        [_thread_blocked, id=24352, stack(0x000000847d800000,0x000000847d900000) (1024K)]
  0x00000195a9cdb350 JavaThread "Unconstrained build operations Thread 10"        [_thread_blocked, id=29432, stack(0x000000847d900000,0x000000847da00000) (1024K)]
  0x00000195a9cda630 JavaThread "Unconstrained build operations Thread 11"        [_thread_blocked, id=23456, stack(0x000000847da00000,0x000000847db00000) (1024K)]
  0x00000195a9cd8bf0 JavaThread "Unconstrained build operations Thread 12"        [_thread_blocked, id=31308, stack(0x000000847db00000,0x000000847dc00000) (1024K)]
  0x00000195a9cd9910 JavaThread "Unconstrained build operations Thread 13"        [_thread_blocked, id=25532, stack(0x000000847dc00000,0x000000847dd00000) (1024K)]
  0x00000195a9cdacc0 JavaThread "Unconstrained build operations Thread 14"        [_thread_blocked, id=31136, stack(0x000000847dd00000,0x000000847de00000) (1024K)]
  0x00000195a9cd9fa0 JavaThread "Unconstrained build operations Thread 15"        [_thread_blocked, id=9936, stack(0x000000847de00000,0x000000847df00000) (1024K)]
  0x00000195ac501e50 JavaThread "Unconstrained build operations Thread 16"        [_thread_blocked, id=10720, stack(0x000000847df00000,0x000000847e000000) (1024K)]
  0x00000195ac500410 JavaThread "Unconstrained build operations Thread 17"        [_thread_blocked, id=20104, stack(0x000000847e000000,0x000000847e100000) (1024K)]
  0x00000195ac501130 JavaThread "Unconstrained build operations Thread 18"        [_thread_blocked, id=11072, stack(0x000000847e100000,0x000000847e200000) (1024K)]
  0x00000195ac5017c0 JavaThread "Unconstrained build operations Thread 19"        [_thread_blocked, id=19652, stack(0x000000847e200000,0x000000847e300000) (1024K)]
  0x00000195ac500aa0 JavaThread "Unconstrained build operations Thread 20"        [_thread_blocked, id=20428, stack(0x000000847e300000,0x000000847e400000) (1024K)]
  0x00000195ac5024e0 JavaThread "jar transforms Thread 4"           [_thread_blocked, id=18804, stack(0x000000847e400000,0x000000847e500000) (1024K)]
  0x00000195ac4ff060 JavaThread "jar transforms Thread 5"           [_thread_blocked, id=19764, stack(0x000000847e500000,0x000000847e600000) (1024K)]
  0x00000195ac502b70 JavaThread "Unconstrained build operations Thread 21"        [_thread_blocked, id=21980, stack(0x000000847e600000,0x000000847e700000) (1024K)]
  0x00000195ac4ff6f0 JavaThread "Unconstrained build operations Thread 22"        [_thread_blocked, id=28236, stack(0x000000847e700000,0x000000847e800000) (1024K)]
  0x00000195ac503200 JavaThread "Unconstrained build operations Thread 23"        [_thread_blocked, id=27768, stack(0x000000847e800000,0x000000847e900000) (1024K)]
  0x00000195ac4ffd80 JavaThread "Unconstrained build operations Thread 24"        [_thread_blocked, id=10604, stack(0x000000847e900000,0x000000847ea00000) (1024K)]
  0x00000195ac503890 JavaThread "Unconstrained build operations Thread 25"        [_thread_blocked, id=25404, stack(0x000000847ea00000,0x000000847eb00000) (1024K)]
  0x00000195ac5045b0 JavaThread "Unconstrained build operations Thread 26"        [_thread_blocked, id=26784, stack(0x000000847eb00000,0x000000847ec00000) (1024K)]
  0x00000195ac503f20 JavaThread "Unconstrained build operations Thread 27"        [_thread_blocked, id=23796, stack(0x000000847ec00000,0x000000847ed00000) (1024K)]
  0x00000195ac504c40 JavaThread "Unconstrained build operations Thread 28"        [_thread_blocked, id=20244, stack(0x000000847ed00000,0x000000847ee00000) (1024K)]
  0x00000195ac5052d0 JavaThread "Unconstrained build operations Thread 29"        [_thread_blocked, id=11316, stack(0x000000847ee00000,0x000000847ef00000) (1024K)]
  0x00000195ac506680 JavaThread "Unconstrained build operations Thread 30"        [_thread_blocked, id=30444, stack(0x000000847ef00000,0x000000847f000000) (1024K)]
  0x00000195ac505960 JavaThread "jar transforms Thread 6"           [_thread_blocked, id=29264, stack(0x000000847f000000,0x000000847f100000) (1024K)]
  0x00000195ac505ff0 JavaThread "jar transforms Thread 7"           [_thread_blocked, id=18840, stack(0x000000847f100000,0x000000847f200000) (1024K)]
  0x00000195aca92f60 JavaThread "jar transforms Thread 8"           [_thread_blocked, id=3120, stack(0x000000847f200000,0x000000847f300000) (1024K)]
  0x00000195aca91bb0 JavaThread "Unconstrained build operations Thread 31"        [_thread_blocked, id=17680, stack(0x000000847ce00000,0x000000847cf00000) (1024K)]
  0x00000195aca92240 JavaThread "Unconstrained build operations Thread 32"        [_thread_blocked, id=27284, stack(0x000000847f300000,0x000000847f400000) (1024K)]
  0x00000195aca90800 JavaThread "Unconstrained build operations Thread 33"        [_thread_blocked, id=30664, stack(0x000000847f400000,0x000000847f500000) (1024K)]
=>0x00000195ab7fcbf0 JavaThread "C2 CompilerThread1"         daemon [_thread_in_native, id=3264, stack(0x000000847f500000,0x000000847f600000) (1024K)]
Total: 74

Other Threads:
  0x00000195a2038d10 VMThread "VM Thread"                           [id=3604, stack(0x000000847a000000,0x000000847a100000) (1024K)]
  0x00000195a1ff5690 WatcherThread "VM Periodic Task Thread"        [id=30432, stack(0x0000008479f00000,0x000000847a000000) (1024K)]
  0x000001958a555410 WorkerThread "GC Thread#0"                     [id=28904, stack(0x0000008479a00000,0x0000008479b00000) (1024K)]
  0x00000195a2739140 WorkerThread "GC Thread#1"                     [id=24692, stack(0x000000847ac00000,0x000000847ad00000) (1024K)]
  0x00000195a27c4120 WorkerThread "GC Thread#2"                     [id=28948, stack(0x000000847ad00000,0x000000847ae00000) (1024K)]
  0x00000195a757a680 WorkerThread "GC Thread#3"                     [id=4472, stack(0x000000847ae00000,0x000000847af00000) (1024K)]
  0x00000195a7569d50 WorkerThread "GC Thread#4"                     [id=22740, stack(0x000000847af00000,0x000000847b000000) (1024K)]
  0x00000195a8d292c0 WorkerThread "GC Thread#5"                     [id=3160, stack(0x000000847b000000,0x000000847b100000) (1024K)]
  0x00000195a8d28690 WorkerThread "GC Thread#6"                     [id=25888, stack(0x000000847b100000,0x000000847b200000) (1024K)]
  0x00000195a8230b90 WorkerThread "GC Thread#7"                     [id=5788, stack(0x000000847b200000,0x000000847b300000) (1024K)]
  0x00000195a7c6e0a0 WorkerThread "GC Thread#8"                     [id=5372, stack(0x000000847b300000,0x000000847b400000) (1024K)]
  0x00000195a7c6e800 WorkerThread "GC Thread#9"                     [id=9236, stack(0x000000847bb00000,0x000000847bc00000) (1024K)]
  0x000001958a566310 ConcurrentGCThread "G1 Main Marker"            [id=2896, stack(0x0000008479b00000,0x0000008479c00000) (1024K)]
  0x000001958a567b70 WorkerThread "G1 Conc#0"                       [id=4364, stack(0x0000008479c00000,0x0000008479d00000) (1024K)]
  0x00000195a7c6e450 WorkerThread "G1 Conc#1"                       [id=19900, stack(0x000000847bc00000,0x000000847bd00000) (1024K)]
  0x00000195a7c6f6c0 WorkerThread "G1 Conc#2"                       [id=31032, stack(0x000000847bd00000,0x000000847be00000) (1024K)]
  0x00000195a1ec0570 ConcurrentGCThread "G1 Refine#0"               [id=9304, stack(0x0000008479d00000,0x0000008479e00000) (1024K)]
  0x00000195a1ec1eb0 ConcurrentGCThread "G1 Service"                [id=8980, stack(0x0000008479e00000,0x0000008479f00000) (1024K)]
Total: 18

Threads with active compile tasks:
C2 CompilerThread0  10781 7212   !   4       java.net.URLClassLoader::findClass (47 bytes)
C2 CompilerThread1  10781 7213       4       java.net.URLClassLoader$1::run (5 bytes)
Total: 2

VM state: not at safepoint (normal execution)

VM Mutex/Monitor currently owned by a thread: None

Heap address: 0x0000000080000000, size: 2048 MB, Compressed Oops mode: 32-bit

CDS archive(s) not mapped
Compressed class space mapped at: 0x0000000100000000-0x0000000140000000, reserved size: 1073741824
Narrow klass base: 0x0000000000000000, Narrow klass shift: 3, Narrow klass range: 0x140000000

GC Precious Log:
 CardTable entry size: 512
 Card Set container configuration: InlinePtr #cards 5 size 8 Array Of Cards #cards 12 size 40 Howl #buckets 4 coarsen threshold 1843 Howl Bitmap #cards 512 size 80 coarsen threshold 460 Card regions per heap region 1 cards per card region 2048
 CPUs: 12 total, 12 available
 Memory: 7501M
 Large Page Support: Disabled
 NUMA Support: Disabled
 Compressed Oops: Enabled (32-bit)
 Heap Region Size: 1M
 Heap Min Capacity: 8M
 Heap Initial Capacity: 118M
 Heap Max Capacity: 2G
 Pre-touch: Disabled
 Parallel Workers: 10
 Concurrent Workers: 3
 Concurrent Refinement Workers: 10
 Periodic GC: Disabled

Heap:
 garbage-first heap   total 112640K, used 75299K [0x0000000080000000, 0x0000000100000000)
  region size 1024K, 28 young (28672K), 4 survivors (4096K)
 Metaspace       used 76235K, committed 78144K, reserved 1179648K
  class space    used 10882K, committed 11776K, reserved 1048576K

Heap Regions: E=young(eden), S=young(survivor), O=old, HS=humongous(starts), HC=humongous(continues), CS=collection set, F=free, TAMS=top-at-mark-start, PB=parsable bottom
|   0|0x0000000080000000, 0x0000000080100000, 0x0000000080100000|100%|HS|  |TAMS 0x0000000080000000| PB 0x0000000080000000| Complete 
|   1|0x0000000080100000, 0x0000000080200000, 0x0000000080200000|100%|HC|  |TAMS 0x0000000080100000| PB 0x0000000080100000| Complete 
|   2|0x0000000080200000, 0x0000000080300000, 0x0000000080300000|100%|HC|  |TAMS 0x0000000080200000| PB 0x0000000080200000| Complete 
|   3|0x0000000080300000, 0x0000000080400000, 0x0000000080400000|100%|HC|  |TAMS 0x0000000080300000| PB 0x0000000080300000| Complete 
|   4|0x0000000080400000, 0x0000000080500000, 0x0000000080500000|100%| O|  |TAMS 0x0000000080400000| PB 0x0000000080400000| Untracked 
|   5|0x0000000080500000, 0x0000000080600000, 0x0000000080600000|100%| O|  |TAMS 0x0000000080500000| PB 0x0000000080500000| Untracked 
|   6|0x0000000080600000, 0x0000000080700000, 0x0000000080700000|100%| O|  |TAMS 0x0000000080600000| PB 0x0000000080600000| Untracked 
|   7|0x0000000080700000, 0x0000000080800000, 0x0000000080800000|100%|HS|  |TAMS 0x0000000080700000| PB 0x0000000080700000| Complete 
|   8|0x0000000080800000, 0x0000000080900000, 0x0000000080900000|100%| O|  |TAMS 0x0000000080800000| PB 0x0000000080800000| Untracked 
|   9|0x0000000080900000, 0x0000000080a00000, 0x0000000080a00000|100%| O|  |TAMS 0x0000000080900000| PB 0x0000000080900000| Untracked 
|  10|0x0000000080a00000, 0x0000000080b00000, 0x0000000080b00000|100%| O|  |TAMS 0x0000000080a00000| PB 0x0000000080a00000| Untracked 
|  11|0x0000000080b00000, 0x0000000080c00000, 0x0000000080c00000|100%| O|  |TAMS 0x0000000080b00000| PB 0x0000000080b00000| Untracked 
|  12|0x0000000080c00000, 0x0000000080d00000, 0x0000000080d00000|100%| O|  |TAMS 0x0000000080c00000| PB 0x0000000080c00000| Untracked 
|  13|0x0000000080d00000, 0x0000000080e00000, 0x0000000080e00000|100%| O|  |TAMS 0x0000000080d00000| PB 0x0000000080d00000| Untracked 
|  14|0x0000000080e00000, 0x0000000080f00000, 0x0000000080f00000|100%| O|  |TAMS 0x0000000080e00000| PB 0x0000000080e00000| Untracked 
|  15|0x0000000080f00000, 0x0000000081000000, 0x0000000081000000|100%| O|  |TAMS 0x0000000080f00000| PB 0x0000000080f00000| Untracked 
|  16|0x0000000081000000, 0x0000000081100000, 0x0000000081100000|100%| O|  |TAMS 0x0000000081000000| PB 0x0000000081000000| Untracked 
|  17|0x0000000081100000, 0x0000000081200000, 0x0000000081200000|100%| O|  |TAMS 0x0000000081100000| PB 0x0000000081100000| Untracked 
|  18|0x0000000081200000, 0x0000000081300000, 0x0000000081300000|100%| O|  |TAMS 0x0000000081200000| PB 0x0000000081200000| Untracked 
|  19|0x0000000081300000, 0x0000000081400000, 0x0000000081400000|100%| O|  |TAMS 0x0000000081300000| PB 0x0000000081300000| Untracked 
|  20|0x0000000081400000, 0x0000000081500000, 0x0000000081500000|100%| O|  |TAMS 0x0000000081400000| PB 0x0000000081400000| Untracked 
|  21|0x0000000081500000, 0x0000000081600000, 0x0000000081600000|100%| O|  |TAMS 0x0000000081500000| PB 0x0000000081500000| Untracked 
|  22|0x0000000081600000, 0x0000000081700000, 0x0000000081700000|100%| O|  |TAMS 0x0000000081600000| PB 0x0000000081600000| Untracked 
|  23|0x0000000081700000, 0x0000000081800000, 0x0000000081800000|100%| O|  |TAMS 0x0000000081700000| PB 0x0000000081700000| Untracked 
|  24|0x0000000081800000, 0x0000000081900000, 0x0000000081900000|100%| O|  |TAMS 0x0000000081800000| PB 0x0000000081800000| Untracked 
|  25|0x0000000081900000, 0x0000000081a00000, 0x0000000081a00000|100%| O|  |TAMS 0x0000000081900000| PB 0x0000000081900000| Untracked 
|  26|0x0000000081a00000, 0x0000000081b00000, 0x0000000081b00000|100%| O|  |TAMS 0x0000000081a00000| PB 0x0000000081a00000| Untracked 
|  27|0x0000000081b00000, 0x0000000081c00000, 0x0000000081c00000|100%| O|  |TAMS 0x0000000081b00000| PB 0x0000000081b00000| Untracked 
|  28|0x0000000081c00000, 0x0000000081d00000, 0x0000000081d00000|100%| O|  |TAMS 0x0000000081c00000| PB 0x0000000081c00000| Untracked 
|  29|0x0000000081d00000, 0x0000000081e00000, 0x0000000081e00000|100%| O|  |TAMS 0x0000000081d00000| PB 0x0000000081d00000| Untracked 
|  30|0x0000000081e00000, 0x0000000081f00000, 0x0000000081f00000|100%| O|  |TAMS 0x0000000081e00000| PB 0x0000000081e00000| Untracked 
|  31|0x0000000081f00000, 0x0000000082000000, 0x0000000082000000|100%| O|  |TAMS 0x0000000081f00000| PB 0x0000000081f00000| Untracked 
|  32|0x0000000082000000, 0x0000000082100000, 0x0000000082100000|100%| O|  |TAMS 0x0000000082000000| PB 0x0000000082000000| Untracked 
|  33|0x0000000082100000, 0x0000000082200000, 0x0000000082200000|100%| O|  |TAMS 0x0000000082100000| PB 0x0000000082100000| Untracked 
|  34|0x0000000082200000, 0x0000000082300000, 0x0000000082300000|100%| O|  |TAMS 0x0000000082200000| PB 0x0000000082200000| Untracked 
|  35|0x0000000082300000, 0x0000000082400000, 0x0000000082400000|100%| O|  |TAMS 0x0000000082300000| PB 0x0000000082300000| Untracked 
|  36|0x0000000082400000, 0x0000000082500000, 0x0000000082500000|100%|HS|  |TAMS 0x0000000082400000| PB 0x0000000082400000| Complete 
|  37|0x0000000082500000, 0x0000000082600000, 0x0000000082600000|100%|HC|  |TAMS 0x0000000082500000| PB 0x0000000082500000| Complete 
|  38|0x0000000082600000, 0x0000000082700000, 0x0000000082700000|100%| O|  |TAMS 0x0000000082600000| PB 0x0000000082600000| Untracked 
|  39|0x0000000082700000, 0x0000000082700000, 0x0000000082800000|  0%| F|  |TAMS 0x0000000082700000| PB 0x0000000082700000| Untracked 
|  40|0x0000000082800000, 0x0000000082900000, 0x0000000082900000|100%| O|  |TAMS 0x0000000082800000| PB 0x0000000082800000| Untracked 
|  41|0x0000000082900000, 0x0000000082a00000, 0x0000000082a00000|100%| O|  |TAMS 0x0000000082900000| PB 0x0000000082900000| Untracked 
|  42|0x0000000082a00000, 0x0000000082b00000, 0x0000000082b00000|100%| O|  |TAMS 0x0000000082a00000| PB 0x0000000082a00000| Untracked 
|  43|0x0000000082b00000, 0x0000000082c00000, 0x0000000082c00000|100%| O|  |TAMS 0x0000000082b00000| PB 0x0000000082b00000| Untracked 
|  44|0x0000000082c00000, 0x0000000082d00000, 0x0000000082d00000|100%| O|  |TAMS 0x0000000082c00000| PB 0x0000000082c00000| Untracked 
|  45|0x0000000082d00000, 0x0000000082d00000, 0x0000000082e00000|  0%| F|  |TAMS 0x0000000082d00000| PB 0x0000000082d00000| Untracked 
|  46|0x0000000082e00000, 0x0000000082f00000, 0x0000000082f00000|100%| O|  |TAMS 0x0000000082e00000| PB 0x0000000082e00000| Untracked 
|  47|0x0000000082f00000, 0x0000000083000000, 0x0000000083000000|100%| O|  |TAMS 0x0000000082f00000| PB 0x0000000082f00000| Untracked 
|  48|0x0000000083000000, 0x0000000083000000, 0x0000000083100000|  0%| F|  |TAMS 0x0000000083000000| PB 0x0000000083000000| Untracked 
|  49|0x0000000083100000, 0x0000000083100000, 0x0000000083200000|  0%| F|  |TAMS 0x0000000083100000| PB 0x0000000083100000| Untracked 
|  50|0x0000000083200000, 0x0000000083200000, 0x0000000083300000|  0%| F|  |TAMS 0x0000000083200000| PB 0x0000000083200000| Untracked 
|  51|0x0000000083300000, 0x0000000083300000, 0x0000000083400000|  0%| F|  |TAMS 0x0000000083300000| PB 0x0000000083300000| Untracked 
|  52|0x0000000083400000, 0x0000000083500000, 0x0000000083500000|100%| O|  |TAMS 0x0000000083400000| PB 0x0000000083400000| Untracked 
|  53|0x0000000083500000, 0x000000008354d160, 0x0000000083600000| 30%| O|  |TAMS 0x0000000083500000| PB 0x0000000083500000| Untracked 
|  54|0x0000000083600000, 0x0000000083600000, 0x0000000083700000|  0%| F|  |TAMS 0x0000000083600000| PB 0x0000000083600000| Untracked 
|  55|0x0000000083700000, 0x0000000083700000, 0x0000000083800000|  0%| F|  |TAMS 0x0000000083700000| PB 0x0000000083700000| Untracked 
|  56|0x0000000083800000, 0x0000000083800000, 0x0000000083900000|  0%| F|  |TAMS 0x0000000083800000| PB 0x0000000083800000| Untracked 
|  57|0x0000000083900000, 0x000000008393bb38, 0x0000000083a00000| 23%| S|CS|TAMS 0x0000000083900000| PB 0x0000000083900000| Complete 
|  58|0x0000000083a00000, 0x0000000083b00000, 0x0000000083b00000|100%| S|CS|TAMS 0x0000000083a00000| PB 0x0000000083a00000| Complete 
|  59|0x0000000083b00000, 0x0000000083c00000, 0x0000000083c00000|100%| S|CS|TAMS 0x0000000083b00000| PB 0x0000000083b00000| Complete 
|  60|0x0000000083c00000, 0x0000000083d00000, 0x0000000083d00000|100%| S|CS|TAMS 0x0000000083c00000| PB 0x0000000083c00000| Complete 
|  61|0x0000000083d00000, 0x0000000083d00000, 0x0000000083e00000|  0%| F|  |TAMS 0x0000000083d00000| PB 0x0000000083d00000| Untracked 
|  62|0x0000000083e00000, 0x0000000083e00000, 0x0000000083f00000|  0%| F|  |TAMS 0x0000000083e00000| PB 0x0000000083e00000| Untracked 
|  63|0x0000000083f00000, 0x0000000083f00000, 0x0000000084000000|  0%| F|  |TAMS 0x0000000083f00000| PB 0x0000000083f00000| Untracked 
|  64|0x0000000084000000, 0x0000000084000000, 0x0000000084100000|  0%| F|  |TAMS 0x0000000084000000| PB 0x0000000084000000| Untracked 
|  65|0x0000000084100000, 0x0000000084100000, 0x0000000084200000|  0%| F|  |TAMS 0x0000000084100000| PB 0x0000000084100000| Untracked 
|  66|0x0000000084200000, 0x0000000084200000, 0x0000000084300000|  0%| F|  |TAMS 0x0000000084200000| PB 0x0000000084200000| Untracked 
|  67|0x0000000084300000, 0x0000000084300000, 0x0000000084400000|  0%| F|  |TAMS 0x0000000084300000| PB 0x0000000084300000| Untracked 
|  68|0x0000000084400000, 0x0000000084400000, 0x0000000084500000|  0%| F|  |TAMS 0x0000000084400000| PB 0x0000000084400000| Untracked 
|  69|0x0000000084500000, 0x0000000084500000, 0x0000000084600000|  0%| F|  |TAMS 0x0000000084500000| PB 0x0000000084500000| Untracked 
|  70|0x0000000084600000, 0x0000000084600000, 0x0000000084700000|  0%| F|  |TAMS 0x0000000084600000| PB 0x0000000084600000| Untracked 
|  71|0x0000000084700000, 0x0000000084700000, 0x0000000084800000|  0%| F|  |TAMS 0x0000000084700000| PB 0x0000000084700000| Untracked 
|  72|0x0000000084800000, 0x0000000084800000, 0x0000000084900000|  0%| F|  |TAMS 0x0000000084800000| PB 0x0000000084800000| Untracked 
|  73|0x0000000084900000, 0x0000000084900000, 0x0000000084a00000|  0%| F|  |TAMS 0x0000000084900000| PB 0x0000000084900000| Untracked 
|  74|0x0000000084a00000, 0x0000000084a00000, 0x0000000084b00000|  0%| F|  |TAMS 0x0000000084a00000| PB 0x0000000084a00000| Untracked 
|  75|0x0000000084b00000, 0x0000000084b00000, 0x0000000084c00000|  0%| F|  |TAMS 0x0000000084b00000| PB 0x0000000084b00000| Untracked 
|  76|0x0000000084c00000, 0x0000000084c00000, 0x0000000084d00000|  0%| F|  |TAMS 0x0000000084c00000| PB 0x0000000084c00000| Untracked 
|  77|0x0000000084d00000, 0x0000000084d00000, 0x0000000084e00000|  0%| F|  |TAMS 0x0000000084d00000| PB 0x0000000084d00000| Untracked 
|  78|0x0000000084e00000, 0x0000000084e00000, 0x0000000084f00000|  0%| F|  |TAMS 0x0000000084e00000| PB 0x0000000084e00000| Untracked 
|  79|0x0000000084f00000, 0x0000000084f00000, 0x0000000085000000|  0%| F|  |TAMS 0x0000000084f00000| PB 0x0000000084f00000| Untracked 
|  80|0x0000000085000000, 0x0000000085000000, 0x0000000085100000|  0%| F|  |TAMS 0x0000000085000000| PB 0x0000000085000000| Untracked 
|  81|0x0000000085100000, 0x0000000085100000, 0x0000000085200000|  0%| F|  |TAMS 0x0000000085100000| PB 0x0000000085100000| Untracked 
|  82|0x0000000085200000, 0x0000000085200000, 0x0000000085300000|  0%| F|  |TAMS 0x0000000085200000| PB 0x0000000085200000| Untracked 
|  83|0x0000000085300000, 0x0000000085300000, 0x0000000085400000|  0%| F|  |TAMS 0x0000000085300000| PB 0x0000000085300000| Untracked 
|  84|0x0000000085400000, 0x0000000085400000, 0x0000000085500000|  0%| F|  |TAMS 0x0000000085400000| PB 0x0000000085400000| Untracked 
|  85|0x0000000085500000, 0x0000000085500000, 0x0000000085600000|  0%| F|  |TAMS 0x0000000085500000| PB 0x0000000085500000| Untracked 
|  86|0x0000000085600000, 0x000000008568ff60, 0x0000000085700000| 56%| E|  |TAMS 0x0000000085600000| PB 0x0000000085600000| Complete 
|  87|0x0000000085700000, 0x0000000085800000, 0x0000000085800000|100%| E|CS|TAMS 0x0000000085700000| PB 0x0000000085700000| Complete 
|  88|0x0000000085800000, 0x0000000085900000, 0x0000000085900000|100%| E|CS|TAMS 0x0000000085800000| PB 0x0000000085800000| Complete 
|  89|0x0000000085900000, 0x0000000085a00000, 0x0000000085a00000|100%| E|CS|TAMS 0x0000000085900000| PB 0x0000000085900000| Complete 
|  90|0x0000000085a00000, 0x0000000085b00000, 0x0000000085b00000|100%| E|CS|TAMS 0x0000000085a00000| PB 0x0000000085a00000| Complete 
|  91|0x0000000085b00000, 0x0000000085c00000, 0x0000000085c00000|100%| E|CS|TAMS 0x0000000085b00000| PB 0x0000000085b00000| Complete 
|  92|0x0000000085c00000, 0x0000000085d00000, 0x0000000085d00000|100%| E|CS|TAMS 0x0000000085c00000| PB 0x0000000085c00000| Complete 
|  93|0x0000000085d00000, 0x0000000085e00000, 0x0000000085e00000|100%| E|CS|TAMS 0x0000000085d00000| PB 0x0000000085d00000| Complete 
|  94|0x0000000085e00000, 0x0000000085f00000, 0x0000000085f00000|100%| E|CS|TAMS 0x0000000085e00000| PB 0x0000000085e00000| Complete 
|  95|0x0000000085f00000, 0x0000000086000000, 0x0000000086000000|100%| E|CS|TAMS 0x0000000085f00000| PB 0x0000000085f00000| Complete 
|  96|0x0000000086000000, 0x0000000086100000, 0x0000000086100000|100%| E|CS|TAMS 0x0000000086000000| PB 0x0000000086000000| Complete 
|  97|0x0000000086100000, 0x0000000086200000, 0x0000000086200000|100%| E|CS|TAMS 0x0000000086100000| PB 0x0000000086100000| Complete 
|  98|0x0000000086200000, 0x0000000086300000, 0x0000000086300000|100%| E|CS|TAMS 0x0000000086200000| PB 0x0000000086200000| Complete 
|  99|0x0000000086300000, 0x0000000086400000, 0x0000000086400000|100%| E|CS|TAMS 0x0000000086300000| PB 0x0000000086300000| Complete 
| 100|0x0000000086400000, 0x0000000086500000, 0x0000000086500000|100%| E|CS|TAMS 0x0000000086400000| PB 0x0000000086400000| Complete 
| 101|0x0000000086500000, 0x0000000086600000, 0x0000000086600000|100%| E|CS|TAMS 0x0000000086500000| PB 0x0000000086500000| Complete 
| 102|0x0000000086600000, 0x0000000086700000, 0x0000000086700000|100%| E|CS|TAMS 0x0000000086600000| PB 0x0000000086600000| Complete 
| 103|0x0000000086700000, 0x0000000086800000, 0x0000000086800000|100%| E|CS|TAMS 0x0000000086700000| PB 0x0000000086700000| Complete 
| 104|0x0000000086800000, 0x0000000086900000, 0x0000000086900000|100%| E|CS|TAMS 0x0000000086800000| PB 0x0000000086800000| Complete 
| 105|0x0000000086900000, 0x0000000086a00000, 0x0000000086a00000|100%| E|CS|TAMS 0x0000000086900000| PB 0x0000000086900000| Complete 
| 106|0x0000000086a00000, 0x0000000086b00000, 0x0000000086b00000|100%| E|CS|TAMS 0x0000000086a00000| PB 0x0000000086a00000| Complete 
| 107|0x0000000086b00000, 0x0000000086c00000, 0x0000000086c00000|100%| E|CS|TAMS 0x0000000086b00000| PB 0x0000000086b00000| Complete 
| 108|0x0000000086c00000, 0x0000000086d00000, 0x0000000086d00000|100%| E|CS|TAMS 0x0000000086c00000| PB 0x0000000086c00000| Complete 
| 117|0x0000000087500000, 0x0000000087600000, 0x0000000087600000|100%| E|CS|TAMS 0x0000000087500000| PB 0x0000000087500000| Complete 

Card table byte_map: [0x000001959cfb0000,0x000001959d3b0000] _byte_map_base: 0x000001959cbb0000

Marking Bits: (CMBitMap*) 0x000001958a555a30
 Bits: [0x000001959d3b0000, 0x000001959f3b0000)

Polling page: 0x00000195886d0000

Metaspace:

Usage:
  Non-class:     63.83 MB used.
      Class:     10.63 MB used.
       Both:     74.46 MB used.

Virtual space:
  Non-class space:      128.00 MB reserved,      64.81 MB ( 51%) committed,  2 nodes.
      Class space:        1.00 GB reserved,      11.50 MB (  1%) committed,  1 nodes.
             Both:        1.12 GB reserved,      76.31 MB (  7%) committed. 

Chunk freelists:
   Non-Class:  14.89 MB
       Class:  4.54 MB
        Both:  19.43 MB

MaxMetaspaceSize: unlimited
CompressedClassSpaceSize: 1.00 GB
Initial GC threshold: 21.00 MB
Current GC threshold: 99.50 MB
CDS: off
 - commit_granule_bytes: 65536.
 - commit_granule_words: 8192.
 - virtual_space_node_default_size: 8388608.
 - enlarge_chunks_in_place: 1.
 - use_allocation_guard: 0.


Internal statistics:

num_allocs_failed_limit: 15.
num_arena_births: 3524.
num_arena_deaths: 0.
num_vsnodes_births: 3.
num_vsnodes_deaths: 0.
num_space_committed: 1221.
num_space_uncommitted: 0.
num_chunks_returned_to_freelist: 15.
num_chunks_taken_from_freelist: 6656.
num_chunk_merges: 9.
num_chunk_splits: 4268.
num_chunks_enlarged: 2546.
num_inconsistent_stats: 0.

CodeHeap 'non-profiled nmethods': size=120000Kb used=4338Kb max_used=4338Kb free=115662Kb
 bounds [0x0000019595130000, 0x0000019595570000, 0x000001959c660000]
CodeHeap 'profiled nmethods': size=120000Kb used=12444Kb max_used=12444Kb free=107555Kb
 bounds [0x000001958d660000, 0x000001958e290000, 0x0000019594b90000]
CodeHeap 'non-nmethods': size=5760Kb used=1958Kb max_used=2012Kb free=3802Kb
 bounds [0x0000019594b90000, 0x0000019594e00000, 0x0000019595130000]
CodeCache: size=245760Kb, used=18740Kb, max_used=18794Kb, free=227019Kb
 total_blobs=7454, nmethods=6615, adapters=743, full_count=0
Compilation: enabled, stopped_count=0, restarted_count=0

Compilation events (20 events):
Event: 9.727 Thread 0x00000195a2246e20 7236       3       org.objectweb.asm.MethodWriter::visitVarInsn (302 bytes)
Event: 9.727 Thread 0x00000195a2246e20 nmethod 7236 0x000001958e26fc10 code [0x000001958e26fe80, 0x000001958e2707e8]
Event: 9.728 Thread 0x00000195a2246e20 7238       3       org.objectweb.asm.ByteVector::putShort (52 bytes)
Event: 9.728 Thread 0x00000195a2246e20 nmethod 7238 0x000001958e270a90 code [0x000001958e270c40, 0x000001958e270e40]
Event: 9.728 Thread 0x00000195a2246e20 7239       3       org.objectweb.asm.MethodWriter::visitLabel (332 bytes)
Event: 9.728 Thread 0x00000195a2246e20 nmethod 7239 0x000001958e270f90 code [0x000001958e271220, 0x000001958e271f28]
Event: 9.728 Thread 0x00000195a2246e20 7237       3       org.objectweb.asm.ClassReader::readBytecodeInstructionOffset (1 bytes)
Event: 9.728 Thread 0x00000195a2246e20 nmethod 7237 0x000001958e272210 code [0x000001958e2723a0, 0x000001958e2724a8]
Event: 9.728 Thread 0x00000195a2246e20 7234       3       org.objectweb.asm.AnnotationWriter::visitEnd (44 bytes)
Event: 9.728 Thread 0x00000195a2246e20 nmethod 7234 0x000001958e272510 code [0x000001958e2726c0, 0x000001958e272860]
Event: 9.731 Thread 0x00000195a2246e20 7240       3       java.lang.Long::hashCode (8 bytes)
Event: 9.731 Thread 0x00000195a2246e20 nmethod 7240 0x000001958e272990 code [0x000001958e272b40, 0x000001958e272c80]
Event: 9.941 Thread 0x00000195a2246e20 7241       3       java.util.stream.AbstractPipeline::sequential (10 bytes)
Event: 9.942 Thread 0x00000195a2246e20 nmethod 7241 0x000001958e272d10 code [0x000001958e272ea0, 0x000001958e272fb8]
Event: 9.942 Thread 0x00000195a2246e20 7242   !   3       java.util.stream.ReferencePipeline$7$1::accept (127 bytes)
Event: 9.942 Thread 0x00000195a2246e20 nmethod 7242 0x000001958e273090 code [0x000001958e273320, 0x000001958e2741b8]
Event: 9.942 Thread 0x00000195a2246e20 7244       3       java.util.stream.AbstractPipeline::close (48 bytes)
Event: 9.943 Thread 0x00000195a2246e20 nmethod 7244 0x000001958e274810 code [0x000001958e2749c0, 0x000001958e274c58]
Event: 9.943 Thread 0x00000195a2246e20 7243       3       java.util.Spliterators$EmptySpliterator::forEachRemaining (6 bytes)
Event: 9.943 Thread 0x00000195a2246e20 nmethod 7243 0x000001958e274d10 code [0x000001958e274ec0, 0x000001958e275118]

GC Heap History (20 events):
Event: 3.909 GC heap before
{Heap before GC invocations=7 (full 0):
 garbage-first heap   total 91136K, used 70560K [0x0000000080000000, 0x0000000100000000)
  region size 1024K, 51 young (52224K), 5 survivors (5120K)
 Metaspace       used 35334K, committed 35968K, reserved 1114112K
  class space    used 4631K, committed 4928K, reserved 1048576K
}
Event: 3.916 GC heap after
{Heap after GC invocations=8 (full 0):
 garbage-first heap   total 91136K, used 25883K [0x0000000080000000, 0x0000000100000000)
  region size 1024K, 6 young (6144K), 6 survivors (6144K)
 Metaspace       used 35334K, committed 35968K, reserved 1114112K
  class space    used 4631K, committed 4928K, reserved 1048576K
}
Event: 3.954 GC heap before
{Heap before GC invocations=8 (full 0):
 garbage-first heap   total 91136K, used 27931K [0x0000000080000000, 0x0000000100000000)
  region size 1024K, 9 young (9216K), 6 survivors (6144K)
 Metaspace       used 35580K, committed 36288K, reserved 1114112K
  class space    used 4677K, committed 4992K, reserved 1048576K
}
Event: 3.959 GC heap after
{Heap after GC invocations=9 (full 0):
 garbage-first heap   total 91136K, used 26382K [0x0000000080000000, 0x0000000100000000)
  region size 1024K, 4 young (4096K), 4 survivors (4096K)
 Metaspace       used 35580K, committed 36288K, reserved 1114112K
  class space    used 4677K, committed 4992K, reserved 1048576K
}
Event: 4.696 GC heap before
{Heap before GC invocations=10 (full 0):
 garbage-first heap   total 91136K, used 76558K [0x0000000080000000, 0x0000000100000000)
  region size 1024K, 53 young (54272K), 4 survivors (4096K)
 Metaspace       used 42061K, committed 43200K, reserved 1114112K
  class space    used 5818K, committed 6336K, reserved 1048576K
}
Event: 4.701 GC heap after
{Heap after GC invocations=11 (full 0):
 garbage-first heap   total 91136K, used 28688K [0x0000000080000000, 0x0000000100000000)
  region size 1024K, 6 young (6144K), 6 survivors (6144K)
 Metaspace       used 42061K, committed 43200K, reserved 1114112K
  class space    used 5818K, committed 6336K, reserved 1048576K
}
Event: 5.588 GC heap before
{Heap before GC invocations=11 (full 0):
 garbage-first heap   total 91136K, used 75792K [0x0000000080000000, 0x0000000100000000)
  region size 1024K, 53 young (54272K), 6 survivors (6144K)
 Metaspace       used 49598K, committed 50944K, reserved 1114112K
  class space    used 6858K, committed 7488K, reserved 1048576K
}
Event: 5.596 GC heap after
{Heap after GC invocations=12 (full 0):
 garbage-first heap   total 91136K, used 33029K [0x0000000080000000, 0x0000000100000000)
  region size 1024K, 7 young (7168K), 7 survivors (7168K)
 Metaspace       used 49598K, committed 50944K, reserved 1114112K
  class space    used 6858K, committed 7488K, reserved 1048576K
}
Event: 6.259 GC heap before
{Heap before GC invocations=12 (full 0):
 garbage-first heap   total 91136K, used 80133K [0x0000000080000000, 0x0000000100000000)
  region size 1024K, 53 young (54272K), 7 survivors (7168K)
 Metaspace       used 54987K, committed 56512K, reserved 1114112K
  class space    used 7769K, committed 8512K, reserved 1048576K
}
Event: 6.268 GC heap after
{Heap after GC invocations=13 (full 0):
 garbage-first heap   total 93184K, used 37776K [0x0000000080000000, 0x0000000100000000)
  region size 1024K, 5 young (5120K), 5 survivors (5120K)
 Metaspace       used 54987K, committed 56512K, reserved 1114112K
  class space    used 7769K, committed 8512K, reserved 1048576K
}
Event: 6.799 GC heap before
{Heap before GC invocations=13 (full 0):
 garbage-first heap   total 93184K, used 82832K [0x0000000080000000, 0x0000000100000000)
  region size 1024K, 48 young (49152K), 5 survivors (5120K)
 Metaspace       used 56537K, committed 58176K, reserved 1114112K
  class space    used 7988K, committed 8768K, reserved 1048576K
}
Event: 6.804 GC heap after
{Heap after GC invocations=14 (full 0):
 garbage-first heap   total 93184K, used 43945K [0x0000000080000000, 0x0000000100000000)
  region size 1024K, 5 young (5120K), 5 survivors (5120K)
 Metaspace       used 56537K, committed 58176K, reserved 1114112K
  class space    used 7988K, committed 8768K, reserved 1048576K
}
Event: 7.145 GC heap before
{Heap before GC invocations=14 (full 0):
 garbage-first heap   total 93184K, used 81833K [0x0000000080000000, 0x0000000100000000)
  region size 1024K, 42 young (43008K), 5 survivors (5120K)
 Metaspace       used 58586K, committed 60224K, reserved 1114112K
  class space    used 8324K, committed 9088K, reserved 1048576K
}
Event: 7.149 GC heap after
{Heap after GC invocations=15 (full 0):
 garbage-first heap   total 93184K, used 45244K [0x0000000080000000, 0x0000000100000000)
  region size 1024K, 2 young (2048K), 2 survivors (2048K)
 Metaspace       used 58586K, committed 60224K, reserved 1114112K
  class space    used 8324K, committed 9088K, reserved 1048576K
}
Event: 7.212 GC heap before
{Heap before GC invocations=15 (full 0):
 garbage-first heap   total 93184K, used 48316K [0x0000000080000000, 0x0000000100000000)
  region size 1024K, 6 young (6144K), 2 survivors (2048K)
 Metaspace       used 59070K, committed 60736K, reserved 1114112K
  class space    used 8403K, committed 9216K, reserved 1048576K
}
Event: 7.215 GC heap after
{Heap after GC invocations=16 (full 0):
 garbage-first heap   total 93184K, used 45237K [0x0000000080000000, 0x0000000100000000)
  region size 1024K, 2 young (2048K), 2 survivors (2048K)
 Metaspace       used 59070K, committed 60736K, reserved 1114112K
  class space    used 8403K, committed 9216K, reserved 1048576K
}
Event: 8.514 GC heap before
{Heap before GC invocations=17 (full 0):
 garbage-first heap   total 93184K, used 82101K [0x0000000080000000, 0x0000000100000000)
  region size 1024K, 39 young (39936K), 2 survivors (2048K)
 Metaspace       used 66740K, committed 68416K, reserved 1114112K
  class space    used 9436K, committed 10240K, reserved 1048576K
}
Event: 8.519 GC heap after
{Heap after GC invocations=18 (full 0):
 garbage-first heap   total 112640K, used 48917K [0x0000000080000000, 0x0000000100000000)
  region size 1024K, 5 young (5120K), 5 survivors (5120K)
 Metaspace       used 66740K, committed 68416K, reserved 1114112K
  class space    used 9436K, committed 10240K, reserved 1048576K
}
Event: 9.306 GC heap before
{Heap before GC invocations=18 (full 0):
 garbage-first heap   total 112640K, used 99093K [0x0000000080000000, 0x0000000100000000)
  region size 1024K, 54 young (55296K), 5 survivors (5120K)
 Metaspace       used 73291K, committed 75136K, reserved 1114112K
  class space    used 10408K, committed 11264K, reserved 1048576K
}
Event: 9.312 GC heap after
{Heap after GC invocations=19 (full 0):
 garbage-first heap   total 112640K, used 51747K [0x0000000080000000, 0x0000000100000000)
  region size 1024K, 4 young (4096K), 4 survivors (4096K)
 Metaspace       used 73291K, committed 75136K, reserved 1114112K
  class space    used 10408K, committed 11264K, reserved 1048576K
}

Dll operation events (3 events):
Event: 0.013 Loaded shared library C:\Program Files\Android\Android Studio\jbr\bin\java.dll
Event: 0.018 Loaded shared library C:\Program Files\Android\Android Studio\jbr\bin\zip.dll
Event: 0.710 Loaded shared library C:\Program Files\Android\Android Studio\jbr\bin\verify.dll

Deoptimization events (20 events):
Event: 9.688 Thread 0x00000195a8e79fa0 Uncommon trap: trap_request=0xffffff45 fr.pc=0x0000019595546c04 relative=0x0000000000000404
Event: 9.688 Thread 0x00000195a8e79fa0 Uncommon trap: reason=unstable_if action=reinterpret pc=0x0000019595546c04 method=org.gradle.internal.reflect.PropertyAccessorType.isGetGetterName(Ljava/lang/String;)Z @ 14 c2
Event: 9.688 Thread 0x00000195a8e79fa0 DEOPT PACKING pc=0x0000019595546c04 sp=0x000000847baf89f0
Event: 9.688 Thread 0x00000195a8e79fa0 DEOPT UNPACKING pc=0x0000019594be43a2 sp=0x000000847baf8948 mode 2
Event: 9.702 Thread 0x00000195a8e79fa0 Uncommon trap: trap_request=0xffffffde fr.pc=0x0000019595541ee0 relative=0x00000000000001a0
Event: 9.702 Thread 0x00000195a8e79fa0 Uncommon trap: reason=class_check action=maybe_recompile pc=0x0000019595541ee0 method=java.util.stream.StreamOpFlag.fromCharacteristics(Ljava/util/Spliterator;)I @ 14 c2
Event: 9.702 Thread 0x00000195a8e79fa0 DEOPT PACKING pc=0x0000019595541ee0 sp=0x000000847baf97f0
Event: 9.703 Thread 0x00000195a8e79fa0 DEOPT UNPACKING pc=0x0000019594be43a2 sp=0x000000847baf96d8 mode 2
Event: 9.725 Thread 0x00000195a8e79fa0 Uncommon trap: trap_request=0xffffff45 fr.pc=0x00000195955493a0 relative=0x0000000000000920
Event: 9.725 Thread 0x00000195a8e79fa0 Uncommon trap: reason=unstable_if action=reinterpret pc=0x00000195955493a0 method=org.objectweb.asm.MethodWriter.visitLabel(Lorg/objectweb/asm/Label;)V @ 37 c2
Event: 9.725 Thread 0x00000195a8e79fa0 DEOPT PACKING pc=0x00000195955493a0 sp=0x000000847baf8790
Event: 9.725 Thread 0x00000195a8e79fa0 DEOPT UNPACKING pc=0x0000019594be43a2 sp=0x000000847baf8790 mode 2
Event: 9.725 Thread 0x00000195a8e79fa0 Uncommon trap: trap_request=0xffffff45 fr.pc=0x0000019595420708 relative=0x0000000000000408
Event: 9.725 Thread 0x00000195a8e79fa0 Uncommon trap: reason=unstable_if action=reinterpret pc=0x0000019595420708 method=org.objectweb.asm.MethodWriter.visitVarInsn(II)V @ 108 c2
Event: 9.725 Thread 0x00000195a8e79fa0 DEOPT PACKING pc=0x0000019595420708 sp=0x000000847baf8840
Event: 9.725 Thread 0x00000195a8e79fa0 DEOPT UNPACKING pc=0x0000019594be43a2 sp=0x000000847baf87f8 mode 2
Event: 9.727 Thread 0x00000195a8e79fa0 Uncommon trap: trap_request=0xffffff45 fr.pc=0x000001959516fb28 relative=0x0000000000000108
Event: 9.727 Thread 0x00000195a8e79fa0 Uncommon trap: reason=unstable_if action=reinterpret pc=0x000001959516fb28 method=org.objectweb.asm.ByteVector.putShort(I)Lorg/objectweb/asm/ByteVector; @ 13 c2
Event: 9.727 Thread 0x00000195a8e79fa0 DEOPT PACKING pc=0x000001959516fb28 sp=0x000000847baf87b0
Event: 9.727 Thread 0x00000195a8e79fa0 DEOPT UNPACKING pc=0x0000019594be43a2 sp=0x000000847baf8748 mode 2

Classes loaded (20 events):
Event: 9.506 Loading class java/io/ObjectStreamClass$MemberSignature
Event: 9.506 Loading class java/io/ObjectStreamClass$MemberSignature done
Event: 9.506 Loading class java/io/ObjectStreamClass$3
Event: 9.506 Loading class java/io/ObjectStreamClass$3 done
Event: 9.506 Loading class java/io/ObjectStreamClass$4
Event: 9.506 Loading class java/io/ObjectStreamClass$4 done
Event: 9.506 Loading class java/io/ObjectStreamClass$5
Event: 9.506 Loading class java/io/ObjectStreamClass$5 done
Event: 9.506 Loading class java/io/ObjectStreamClass$ClassDataSlot
Event: 9.506 Loading class java/io/ObjectStreamClass$ClassDataSlot done
Event: 9.511 Loading class java/io/SerialCallbackContext
Event: 9.511 Loading class java/io/SerialCallbackContext done
Event: 9.565 Loading class java/lang/invoke/SerializedLambda$1
Event: 9.565 Loading class java/lang/invoke/SerializedLambda$1 done
Event: 9.682 Loading class java/util/function/LongUnaryOperator
Event: 9.682 Loading class java/util/function/LongUnaryOperator done
Event: 9.702 Loading class java/util/TreeMap$KeySpliterator
Event: 9.702 Loading class java/util/TreeMap$TreeMapSpliterator
Event: 9.702 Loading class java/util/TreeMap$TreeMapSpliterator done
Event: 9.702 Loading class java/util/TreeMap$KeySpliterator done

Classes unloaded (0 events):
No events

Classes redefined (0 events):
No events

Internal exceptions (20 events):
Event: 9.467 Thread 0x00000195a8e79fa0 Exception <a 'java/lang/NoSuchMethodError'{0x00000000864e45c0}: 'void java.lang.invoke.DelegatingMethodHandle$Holder.reinvoke_L(java.lang.Object, java.lang.Object, int)'> (0x00000000864e45c0) 
thrown [s\src\hotspot\share\interpreter\linkResolver.cpp, line 784]
Event: 9.468 Thread 0x00000195a8e79fa0 Exception <a 'java/lang/NoSuchMethodError'{0x00000000864eb8b8}: 'int java.lang.invoke.Invokers$Holder.invokeExact_MT(java.lang.Object, java.lang.Object, java.lang.Object)'> (0x00000000864eb8b8) 
thrown [s\src\hotspot\share\interpreter\linkResolver.cpp, line 784]
Event: 9.473 Thread 0x00000195a8e79fa0 Exception <a 'java/lang/NoSuchMethodError'{0x0000000086319e70}: 'void java.lang.invoke.DelegatingMethodHandle$Holder.reinvoke_L(java.lang.Object, java.lang.Object, long)'> (0x0000000086319e70) 
thrown [s\src\hotspot\share\interpreter\linkResolver.cpp, line 784]
Event: 9.473 Thread 0x00000195a8e79fa0 Exception <a 'java/lang/NoSuchMethodError'{0x0000000086321380}: 'long java.lang.invoke.Invokers$Holder.invokeExact_MT(java.lang.Object, java.lang.Object, java.lang.Object)'> (0x0000000086321380) 
thrown [s\src\hotspot\share\interpreter\linkResolver.cpp, line 784]
Event: 9.506 Thread 0x00000195a8e7c070 Exception <a 'java/lang/NoSuchMethodError'{0x00000000862a35d0}: static Lorg/gradle/internal/build/event/types/DefaultOperationStartedProgressEvent;.<clinit>()V> (0x00000000862a35d0) 
thrown [s\src\hotspot\share\prims\jni.cpp, line 1144]
Event: 9.506 Thread 0x00000195a8e7c070 Exception <a 'java/lang/NoSuchMethodError'{0x00000000862a6630}: static Lorg/gradle/internal/build/event/types/AbstractProgressEvent;.<clinit>()V> (0x00000000862a6630) 
thrown [s\src\hotspot\share\prims\jni.cpp, line 1144]
Event: 9.508 Thread 0x00000195a8e7c070 Exception <a 'java/lang/NoSuchMethodError'{0x00000000862baae8}: static Lorg/gradle/internal/build/event/types/DefaultProjectConfigurationDescriptor;.<clinit>()V> (0x00000000862baae8) 
thrown [s\src\hotspot\share\prims\jni.cpp, line 1144]
Event: 9.508 Thread 0x00000195a8e7c070 Exception <a 'java/lang/NoSuchMethodError'{0x00000000862bd1f8}: static Lorg/gradle/internal/build/event/types/DefaultOperationDescriptor;.<clinit>()V> (0x00000000862bd1f8) 
thrown [s\src\hotspot\share\prims\jni.cpp, line 1144]
Event: 9.509 Thread 0x00000195a8e7c070 Exception <a 'java/lang/NoSuchMethodError'{0x00000000862c1660}: 'long java.lang.invoke.DirectMethodHandle$Holder.invokeSpecial(java.lang.Object, java.lang.Object)'> (0x00000000862c1660) 
thrown [s\src\hotspot\share\interpreter\linkResolver.cpp, line 784]
Event: 9.509 Thread 0x00000195a8e7c070 Exception <a 'java/lang/NoSuchMethodError'{0x00000000862c5120}: 'long java.lang.invoke.Invokers$Holder.invokeExact_MT(java.lang.Object, java.lang.Object)'> (0x00000000862c5120) 
thrown [s\src\hotspot\share\interpreter\linkResolver.cpp, line 784]
Event: 9.511 Thread 0x00000195a8e7c070 Exception <a 'java/lang/NoSuchMethodError'{0x000000008611b450}: static Lorg/gradle/internal/operations/OperationIdentifier;.<clinit>()V> (0x000000008611b450) 
thrown [s\src\hotspot\share\prims\jni.cpp, line 1144]
Event: 9.551 Thread 0x00000195a8e79fa0 Exception <a 'java/lang/NoSuchMethodError'{0x00000000860a3fa0}: 'void java.lang.invoke.Invokers$Holder.invokeExact_MT(java.lang.Object, java.lang.Object, java.lang.Object, java.lang.Object)'> (0x00000000860a3fa0) 
thrown [s\src\hotspot\share\interpreter\linkResolver.cpp, line 784]
Event: 9.556 Thread 0x00000195a8e79fa0 Exception <a 'java/lang/ClassNotFoundException'{0x00000000860ee2b8}: org/gradle/internal/serialize/codecs/core/ClosureCodec$BrokenScriptBeanInfo> (0x00000000860ee2b8) 
thrown [s\src\hotspot\share\classfile\systemDictionary.cpp, line 312]
Event: 9.556 Thread 0x00000195a8e79fa0 Exception <a 'java/lang/ClassNotFoundException'{0x00000000860fd9b0}: org/gradle/internal/serialize/codecs/core/ClosureCodec$BrokenScriptCustomizer> (0x00000000860fd9b0) 
thrown [s\src\hotspot\share\classfile\systemDictionary.cpp, line 312]
Event: 9.559 Thread 0x00000195a8e79fa0 Exception <a 'java/lang/ClassNotFoundException'{0x0000000085f25f48}: org/gradle/api/invocation/GradleBeanInfo> (0x0000000085f25f48) 
thrown [s\src\hotspot\share\classfile\systemDictionary.cpp, line 312]
Event: 9.559 Thread 0x00000195a8e79fa0 Exception <a 'java/lang/ClassNotFoundException'{0x0000000085f32738}: org/gradle/api/invocation/GradleCustomizer> (0x0000000085f32738) 
thrown [s\src\hotspot\share\classfile\systemDictionary.cpp, line 312]
Event: 9.562 Thread 0x00000195a8e79fa0 Exception <a 'java/lang/NoSuchMethodError'{0x0000000085f59658}: 'void java.lang.invoke.Invokers$Holder.invokeExact_MT(java.lang.Object, java.lang.Object, int, java.lang.Object)'> (0x0000000085f59658) 
thrown [s\src\hotspot\share\interpreter\linkResolver.cpp, line 784]
Event: 9.568 Thread 0x00000195a8e79fa0 Exception <a 'java/lang/NoSuchMethodError'{0x0000000085f8dfa8}: 'void java.lang.invoke.Invokers$Holder.invokeExact_MT(java.lang.Object, java.lang.Object, long, java.lang.Object)'> (0x0000000085f8dfa8) 
thrown [s\src\hotspot\share\interpreter\linkResolver.cpp, line 784]
Event: 9.682 Thread 0x00000195a8e79fa0 Exception <a 'java/lang/NoSuchMethodError'{0x0000000085bf7000}: 'long java.lang.invoke.DirectMethodHandle$Holder.invokeStatic(java.lang.Object, long)'> (0x0000000085bf7000) 
thrown [s\src\hotspot\share\interpreter\linkResolver.cpp, line 784]
Event: 9.725 Thread 0x00000195a8e79fa0 Implicit null exception at 0x00000195954203c3 to 0x00000195954206fc

ZGC Phase Switch (0 events):
No events

VM Operations (20 events):
Event: 7.358 Executing non-safepoint VM operation: HandshakeAllThreads (Deoptimize)
Event: 7.358 Executing non-safepoint VM operation: HandshakeAllThreads (Deoptimize) done
Event: 7.424 Executing non-safepoint VM operation: HandshakeAllThreads (Deoptimize)
Event: 7.425 Executing non-safepoint VM operation: HandshakeAllThreads (Deoptimize) done
Event: 7.812 Executing non-safepoint VM operation: HandshakeAllThreads (Deoptimize)
Event: 7.812 Executing non-safepoint VM operation: HandshakeAllThreads (Deoptimize) done
Event: 8.248 Executing non-safepoint VM operation: HandshakeAllThreads (Deoptimize)
Event: 8.248 Executing non-safepoint VM operation: HandshakeAllThreads (Deoptimize) done
Event: 8.347 Executing safepoint VM operation: ICBufferFull
Event: 8.347 Executing safepoint VM operation: ICBufferFull done
Event: 8.514 Executing safepoint VM operation: G1CollectForAllocation (G1 Evacuation Pause)
Event: 8.519 Executing safepoint VM operation: G1CollectForAllocation (G1 Evacuation Pause) done
Event: 9.049 Executing safepoint VM operation: ICBufferFull
Event: 9.049 Executing safepoint VM operation: ICBufferFull done
Event: 9.305 Executing safepoint VM operation: G1CollectForAllocation (G1 Evacuation Pause)
Event: 9.312 Executing safepoint VM operation: G1CollectForAllocation (G1 Evacuation Pause) done
Event: 9.368 Executing non-safepoint VM operation: HandshakeAllThreads (Deoptimize)
Event: 9.368 Executing non-safepoint VM operation: HandshakeAllThreads (Deoptimize) done
Event: 10.373 Executing safepoint VM operation: Cleanup
Event: 10.373 Executing safepoint VM operation: Cleanup done

Memory protections (0 events):
No events

Nmethod flushes (20 events):
Event: 7.238 Thread 0x00000195a2038d10 flushing  nmethod 0x000001958d6b3010
Event: 7.238 Thread 0x00000195a2038d10 flushing  nmethod 0x000001958d7eb690
Event: 7.238 Thread 0x00000195a2038d10 flushing  nmethod 0x000001958d857910
Event: 7.238 Thread 0x00000195a2038d10 flushing  nmethod 0x000001958d859210
Event: 7.238 Thread 0x00000195a2038d10 flushing  nmethod 0x000001958d8b8610
Event: 7.238 Thread 0x00000195a2038d10 flushing  nmethod 0x000001958da0b490
Event: 7.238 Thread 0x00000195a2038d10 flushing  nmethod 0x000001958da9dd10
Event: 7.238 Thread 0x00000195a2038d10 flushing  nmethod 0x000001958dba3890
Event: 7.238 Thread 0x00000195a2038d10 flushing  nmethod 0x000001959525cc90
Event: 7.238 Thread 0x00000195a2038d10 flushing  nmethod 0x0000019595263690
Event: 7.238 Thread 0x00000195a2038d10 flushing  nmethod 0x0000019595265390
Event: 7.238 Thread 0x00000195a2038d10 flushing  nmethod 0x000001958d684090
Event: 7.238 Thread 0x00000195a2038d10 flushing  nmethod 0x000001958d684510
Event: 7.238 Thread 0x00000195a2038d10 flushing  nmethod 0x000001958d712410
Event: 7.238 Thread 0x00000195a2038d10 flushing  nmethod 0x000001958d762490
Event: 7.238 Thread 0x00000195a2038d10 flushing  nmethod 0x000001958d769710
Event: 7.238 Thread 0x00000195a2038d10 flushing  nmethod 0x000001958d82c190
Event: 7.238 Thread 0x00000195a2038d10 flushing  nmethod 0x000001958d82c790
Event: 7.238 Thread 0x00000195a2038d10 flushing  nmethod 0x000001958d836610
Event: 7.238 Thread 0x00000195a2038d10 flushing  nmethod 0x000001958d836d90

Events (20 events):
Event: 6.584 Thread 0x00000195a8e79fa0 Thread added: 0x00000195ac4ffd80
Event: 6.585 Thread 0x00000195a8e79fa0 Thread added: 0x00000195ac503890
Event: 6.585 Thread 0x00000195a8e79fa0 Thread added: 0x00000195ac5045b0
Event: 6.586 Thread 0x00000195a8e79fa0 Thread added: 0x00000195ac503f20
Event: 6.587 Thread 0x00000195a8e79fa0 Thread added: 0x00000195ac504c40
Event: 6.587 Thread 0x00000195a8e79fa0 Thread added: 0x00000195ac5052d0
Event: 6.588 Thread 0x00000195a8e79fa0 Thread added: 0x00000195ac506680
Event: 6.616 Thread 0x00000195a8e79fa0 Thread added: 0x00000195ac505960
Event: 6.647 Thread 0x00000195a8e79fa0 Thread added: 0x00000195ac505ff0
Event: 6.660 Thread 0x00000195a8e79fa0 Thread added: 0x00000195aca92f60
Event: 7.741 Thread 0x00000195ab7fe730 Thread exited: 0x00000195ab7fe730
Event: 7.741 Thread 0x00000195a26396c0 Thread exited: 0x00000195a26396c0
Event: 7.804 Thread 0x00000195a2246e20 Thread added: 0x00000195ab7fcbf0
Event: 8.235 Thread 0x00000195ab7fcbf0 Thread exited: 0x00000195ab7fcbf0
Event: 8.275 Thread 0x00000195a8e79fa0 Thread added: 0x00000195aca91bb0
Event: 8.283 Thread 0x00000195a8e79fa0 Thread added: 0x00000195aca92240
Event: 8.296 Thread 0x00000195a8e79fa0 Thread added: 0x00000195aca90800
Event: 8.464 Thread 0x00000195a2246e20 Thread added: 0x00000195ab7fe730
Event: 8.720 Thread 0x00000195ab7fe730 Thread exited: 0x00000195ab7fe730
Event: 8.904 Thread 0x00000195a2246e20 Thread added: 0x00000195ab7fcbf0


Dynamic libraries:
0x00007ff798e20000 - 0x00007ff798e2a000 	C:\Program Files\Android\Android Studio\jbr\bin\java.exe
0x00007ff819700000 - 0x00007ff819967000 	C:\WINDOWS\SYSTEM32\ntdll.dll
0x00007ff818610000 - 0x00007ff8186d9000 	C:\WINDOWS\System32\KERNEL32.DLL
0x00007ff816d10000 - 0x00007ff817107000 	C:\WINDOWS\System32\KERNELBASE.dll
0x00007ff817110000 - 0x00007ff81725b000 	C:\WINDOWS\System32\ucrtbase.dll
0x00007fffedfc0000 - 0x00007fffedfd8000 	C:\Program Files\Android\Android Studio\jbr\bin\jli.dll
0x00007ffffee60000 - 0x00007ffffee7b000 	C:\Program Files\Android\Android Studio\jbr\bin\VCRUNTIME140.dll
0x00007ff818cf0000 - 0x00007ff818eb6000 	C:\WINDOWS\System32\USER32.dll
0x00007ff817260000 - 0x00007ff817287000 	C:\WINDOWS\System32\win32u.dll
0x00007ffffc280000 - 0x00007ffffc512000 	C:\WINDOWS\WinSxS\amd64_microsoft.windows.common-controls_6595b64144ccf1df_6.0.26100.8328_none_3e08182ce334b678\COMCTL32.dll
0x00007ff818010000 - 0x00007ff81803b000 	C:\WINDOWS\System32\GDI32.dll
0x00007ff817480000 - 0x00007ff817529000 	C:\WINDOWS\System32\msvcrt.dll
0x00007ff817350000 - 0x00007ff81747c000 	C:\WINDOWS\System32\gdi32full.dll
0x00007ff816bb0000 - 0x00007ff816c53000 	C:\WINDOWS\System32\msvcp_win.dll
0x00007ff8184f0000 - 0x00007ff818522000 	C:\WINDOWS\System32\IMM32.DLL
0x00007ff80e070000 - 0x00007ff80e07c000 	C:\Program Files\Android\Android Studio\jbr\bin\vcruntime140_1.dll
0x00007fffb5f00000 - 0x00007fffb5f8d000 	C:\Program Files\Android\Android Studio\jbr\bin\msvcp140.dll
0x00007fff215c0000 - 0x00007fff22256000 	C:\Program Files\Android\Android Studio\jbr\bin\server\jvm.dll
0x00007ff819220000 - 0x00007ff8192d6000 	C:\WINDOWS\System32\ADVAPI32.dll
0x00007ff818fd0000 - 0x00007ff819077000 	C:\WINDOWS\System32\sechost.dll
0x00007ff819100000 - 0x00007ff819218000 	C:\WINDOWS\System32\RPCRT4.dll
0x00007ff817f70000 - 0x00007ff817ff0000 	C:\WINDOWS\System32\WS2_32.dll
0x00007ff810280000 - 0x00007ff81028b000 	C:\WINDOWS\SYSTEM32\VERSION.dll
0x00007ff815fb0000 - 0x00007ff81600e000 	C:\WINDOWS\SYSTEM32\POWRPROF.dll
0x00007ff810240000 - 0x00007ff810276000 	C:\WINDOWS\SYSTEM32\WINMM.dll
0x00007ff815f90000 - 0x00007ff815fa4000 	C:\WINDOWS\SYSTEM32\UMPDC.dll
0x00007ff814e80000 - 0x00007ff814e9b000 	C:\WINDOWS\SYSTEM32\kernel.appcore.dll
0x00007fffffe70000 - 0x00007fffffe7a000 	C:\Program Files\Android\Android Studio\jbr\bin\jimage.dll
0x00007ff80a760000 - 0x00007ff80a9a2000 	C:\WINDOWS\SYSTEM32\DBGHELP.DLL
0x00007ff818140000 - 0x00007ff8184c3000 	C:\WINDOWS\System32\combase.dll
0x00007ff818530000 - 0x00007ff818609000 	C:\WINDOWS\System32\OLEAUT32.dll
0x00007ffffc1b0000 - 0x00007ffffc1eb000 	C:\WINDOWS\SYSTEM32\dbgcore.DLL
0x00007ff816c60000 - 0x00007ff816d08000 	C:\WINDOWS\System32\bcryptPrimitives.dll
0x00007ffff5180000 - 0x00007ffff518e000 	C:\Program Files\Android\Android Studio\jbr\bin\instrument.dll
0x00007ffffee40000 - 0x00007ffffee60000 	C:\Program Files\Android\Android Studio\jbr\bin\java.dll
0x00007ffffee20000 - 0x00007ffffee38000 	C:\Program Files\Android\Android Studio\jbr\bin\zip.dll
0x00007ff817790000 - 0x00007ff817efe000 	C:\WINDOWS\System32\SHELL32.dll
0x00007ff816340000 - 0x00007ff816bac000 	C:\WINDOWS\System32\windows.storage.dll
0x00007ff818ed0000 - 0x00007ff818fc6000 	C:\WINDOWS\System32\SHCORE.dll
0x00007ff819360000 - 0x00007ff8193c6000 	C:\WINDOWS\System32\shlwapi.dll
0x00007ff816050000 - 0x00007ff816079000 	C:\WINDOWS\SYSTEM32\profapi.dll
0x00007fffff450000 - 0x00007fffff460000 	C:\Program Files\Android\Android Studio\jbr\bin\net.dll
0x00007ff80be80000 - 0x00007ff80bfa9000 	C:\WINDOWS\SYSTEM32\WINHTTP.dll
0x00007ff8153d0000 - 0x00007ff81543c000 	C:\WINDOWS\system32\mswsock.dll
0x00007ffffc0d0000 - 0x00007ffffc0e6000 	C:\Program Files\Android\Android Studio\jbr\bin\nio.dll
0x00007ffff5a60000 - 0x00007ffff5a70000 	C:\Program Files\Android\Android Studio\jbr\bin\verify.dll
0x00007fffc94e0000 - 0x00007fffc9507000 	C:\Users\Kabo\.gradle\native\660c5614fbf4a5f2a75b1949f50a0caf5cd603558e7d8a26e50b933a0cfb79d1\windows-amd64\native-platform.dll
0x00007fff8f060000 - 0x00007fff8f0d7000 	C:\Users\Kabo\.gradle\native\0.2.8\x86_64-windows-gnu\gradle-fileevents.dll
0x00007ffff6540000 - 0x00007ffff6549000 	C:\Program Files\Android\Android Studio\jbr\bin\management.dll
0x00007ffff5fb0000 - 0x00007ffff5fbb000 	C:\Program Files\Android\Android Studio\jbr\bin\management_ext.dll
0x00007ff818000000 - 0x00007ff818008000 	C:\WINDOWS\System32\PSAPI.DLL
0x00007ff814870000 - 0x00007ff8148a2000 	C:\WINDOWS\SYSTEM32\IPHLPAPI.DLL
0x00007ff818ec0000 - 0x00007ff818eca000 	C:\WINDOWS\System32\NSI.dll
0x00007ffff6550000 - 0x00007ffff6559000 	C:\Program Files\Android\Android Studio\jbr\bin\extnet.dll
0x00007ff8157d0000 - 0x00007ff8157eb000 	C:\WINDOWS\SYSTEM32\CRYPTSP.dll
0x00007ff814de0000 - 0x00007ff814e19000 	C:\WINDOWS\system32\rsaenh.dll
0x00007ff815480000 - 0x00007ff8154b3000 	C:\WINDOWS\SYSTEM32\USERENV.dll
0x00007ff816020000 - 0x00007ff81604a000 	C:\WINDOWS\SYSTEM32\bcrypt.dll
0x00007ff815630000 - 0x00007ff81563c000 	C:\WINDOWS\SYSTEM32\CRYPTBASE.dll
0x00007fffd93e0000 - 0x00007fffd93e8000 	C:\WINDOWS\system32\wshunix.dll
0x00007ff8148b0000 - 0x00007ff8149e2000 	C:\WINDOWS\SYSTEM32\DNSAPI.dll
0x00007ff810b40000 - 0x00007ff810b4b000 	C:\Windows\System32\rasadhlp.dll
0x00007ff80d3a0000 - 0x00007ff80d426000 	C:\WINDOWS\System32\fwpuclnt.dll

JVMTI agents:
C:\Users\Kabo\.gradle\wrapper\dists\gradle-9.3.1-bin\23ovyewtku6u96viwx3xl3oks\gradle-9.3.1\lib\agents\gradle-instrumentation-agent-9.3.1.jar path:C:\Program Files\Android\Android Studio\jbr\bin\instrument.dll, loaded, initialized, instrumentlib options:none

dbghelp: loaded successfully - version: 4.0.5 - missing functions: none
symbol engine: initialized successfully - sym options: 0x614 - pdb path: .;C:\Program Files\Android\Android Studio\jbr\bin;C:\WINDOWS\SYSTEM32;C:\WINDOWS\WinSxS\amd64_microsoft.windows.common-controls_6595b64144ccf1df_6.0.26100.8328_none_3e08182ce334b678;C:\Program Files\Android\Android Studio\jbr\bin\server;C:\Users\Kabo\.gradle\native\660c5614fbf4a5f2a75b1949f50a0caf5cd603558e7d8a26e50b933a0cfb79d1\windows-amd64;C:\Users\Kabo\.gradle\native\0.2.8\x86_64-windows-gnu

VM Arguments:
jvm_args: --add-opens=java.base/java.lang=ALL-UNNAMED --add-opens=java.base/java.lang.invoke=ALL-UNNAMED --add-opens=java.base/java.util=ALL-UNNAMED --add-opens=java.prefs/java.util.prefs=ALL-UNNAMED --add-exports=jdk.compiler/com.sun.tools.javac.api=ALL-UNNAMED --add-exports=jdk.compiler/com.sun.tools.javac.util=ALL-UNNAMED --add-opens=java.base/java.util=ALL-UNNAMED --add-opens=java.prefs/java.util.prefs=ALL-UNNAMED --add-opens=java.base/java.nio.charset=ALL-UNNAMED --add-opens=java.base/java.net=ALL-UNNAMED --add-opens=java.base/java.util.concurrent=ALL-UNNAMED --add-opens=java.base/java.util.concurrent.atomic=ALL-UNNAMED --add-opens=java.xml/javax.xml.namespace=ALL-UNNAMED --add-opens=java.base/java.time=ALL-UNNAMED -Xmx2048m -Dfile.encoding=UTF-8 -Duser.country=US -Duser.language=en -Duser.variant -javaagent:C:\Users\Kabo\.gradle\wrapper\dists\gradle-9.3.1-bin\23ovyewtku6u96viwx3xl3oks\gradle-9.3.1\lib\agents\gradle-instrumentation-agent-9.3.1.jar 
java_command: org.gradle.launcher.daemon.bootstrap.GradleDaemon 9.3.1
java_class_path (initial): C:\Users\Kabo\.gradle\wrapper\dists\gradle-9.3.1-bin\23ovyewtku6u96viwx3xl3oks\gradle-9.3.1\lib\gradle-daemon-main-9.3.1.jar
Launcher Type: SUN_STANDARD

[Global flags]
     intx CICompilerCount                          = 4                                         {product} {ergonomic}
     uint ConcGCThreads                            = 3                                         {product} {ergonomic}
     uint G1ConcRefinementThreads                  = 10                                        {product} {ergonomic}
   size_t G1HeapRegionSize                         = 1048576                                   {product} {ergonomic}
    uintx GCDrainStackTargetSize                   = 64                                        {product} {ergonomic}
   size_t InitialHeapSize                          = 123731968                                 {product} {ergonomic}
   size_t MarkStackSize                            = 4194304                                   {product} {ergonomic}
   size_t MaxHeapSize                              = 2147483648                                {product} {command line}
   size_t MaxNewSize                               = 1287651328                                {product} {ergonomic}
   size_t MinHeapDeltaBytes                        = 1048576                                   {product} {ergonomic}
   size_t MinHeapSize                              = 8388608                                   {product} {ergonomic}
    uintx NonNMethodCodeHeapSize                   = 5839372                                {pd product} {ergonomic}
    uintx NonProfiledCodeHeapSize                  = 122909434                              {pd product} {ergonomic}
    uintx ProfiledCodeHeapSize                     = 122909434                              {pd product} {ergonomic}
    uintx ReservedCodeCacheSize                    = 251658240                              {pd product} {ergonomic}
     bool SegmentedCodeCache                       = true                                      {product} {ergonomic}
   size_t SoftMaxHeapSize                          = 2147483648                             {manageable} {ergonomic}
     bool UseCompressedOops                        = true                           {product lp64_product} {ergonomic}
     bool UseG1GC                                  = true                                      {product} {ergonomic}
     bool UseLargePagesIndividualAllocation        = false                                  {pd product} {ergonomic}

Logging:
Log output configuration:
 #0: stdout all=warning uptime,level,tags foldmultilines=false
 #1: stderr all=off uptime,level,tags foldmultilines=false

Release file:
JAVA_VERSION="21.0.10" 
MODULES="java.base java.compiler java.datatransfer java.xml java.prefs java.desktop java.instrument java.logging java.management java.security.sasl java.naming java.rmi java.management.rmi java.net.http java.scripting java.security.jgss java.transaction.xa java.sql java.sql.rowset java.xml.crypto java.se java.smartcardio jdk.accessibility jdk.internal.jvmstat jdk.attach jdk.charsets jdk.internal.opt jdk.zipfs jdk.compiler jdk.crypto.ec jdk.crypto.cryptoki jdk.dynalink jdk.hotspot.agent jdk.httpserver jdk.internal.ed jdk.internal.le jdk.internal.vm.ci jdk.jartool jdk.javadoc jdk.jcmd jdk.jdeps jdk.jdwp.agent jdk.jdi jdk.jfr jdk.jlink jdk.jsobject jdk.localedata jdk.management jdk.management.agent jdk.management.jfr jdk.naming.dns jdk.naming.rmi jdk.net jdk.sctp jdk.security.auth jdk.security.jgss jdk.unsupported jdk.unsupported.desktop jdk.xml.dom" 
IMPLEMENTOR="JetBrains s.r.o." 
JAVA_RUNTIME_VERSION="21.0.10+-14961533-b1163.108" 
LIBC="default" 
OS_ARCH="x86_64" 
OS_NAME="Windows" 
SOURCE=".:git:1351622c2ff2" 

Environment Variables:
JAVA_HOME=C:\Program Files\Java\jdk-23
PATH=C:\Program Files (x86)\NVIDIA Corporation\PhysX\Common;C:\Program Files\Common Files\Oracle\Java\javapath;C:\WINDOWS\system32;C:\WINDOWS;C:\WINDOWS\System32\Wbem;C:\WINDOWS\System32\WindowsPowerShell\v1.0\;C:\WINDOWS\System32\OpenSSH\;C:\msys64\mingw64\bin;C:\Program Files\Git\cmd;C:\Program Files\nodejs\;D:\sql\160\Tools\Binn\;C:\Program Files\Microsoft SQL Server\160\Tools\Binn\;C:\Program Files\Microsoft SQL Server\Client SDK\ODBC\170\Tools\Binn\;C:\Program Files\Microsoft SQL Server\160\DTS\Binn\;C:\Users\Kabo\AppData\Local\Microsoft\WindowsApps;C:\flutter\flutter\bin;C:\Program Files\Git\bin;C:\dart-sdk\bin;C:\Users\Kabo\AppData\Local\Android\Sdk;C:\cmdline-tools\latest\bin;C:\Users\Kabo\AppData\Local\Programs\Microsoft VS Code\bin;C:\Program Files\Java\jdk-23\bin;D:\Program Files\CLion 2025.1.3\bin;;C:\Users\Kabo\AppData\Local\Pub\Cache\bin;C:\Users\Kabo\AppData\Roaming\npm;C:\Users\Kabo\AppData\Local\GitHubDesktop\bin
USERNAME=Kabo
OS=Windows_NT
PROCESSOR_IDENTIFIER=AMD64 Family 23 Model 104 Stepping 1, AuthenticAMD
TMP=C:\Users\Kabo\AppData\Local\Temp
TEMP=C:\Users\Kabo\AppData\Local\Temp




Periodic native trim disabled

JNI global refs:
JNI global refs: 27, weak refs: 2

JNI global refs memory usage: 835, weak refs: 833

Process memory usage:
Resident Set Size: 343084K (4% of 7681736K total physical memory with 593468K free physical memory)

OOME stack traces (most recent first):
Classloader memory used:
Loader org.gradle.internal.classloader.VisitableURLClassLoader                         : 37742K
Loader bootstrap                                                                       : 27107K
Loader org.gradle.initialization.MixInLegacyTypesClassLoader                           : 10475K
Loader jdk.internal.loader.ClassLoaders$PlatformClassLoader                            : 418K
Loader jdk.internal.loader.ClassLoaders$AppClassLoader                                 : 229K
Loader org.gradle.groovy.scripts.internal.DefaultScriptCompilationHandler$ScriptClassLoader: 106K
Loader org.gradle.internal.classloader.VisitableURLClassLoader                         : 99936B
Loader jdk.internal.reflect.DelegatingClassLoader                                      : 69160B
Loader org.gradle.internal.classloader.VisitableURLClassLoader$InstrumentingVisitableURLClassLoader: 62144B

Classes loaded by more than one classloader:
Class ijJvmDebugger1_2vo8nnuqe8yg4l9ak5kr516ns$_run_closure1$_closure2                : loaded 2 times (x 140B)
Class org.gradle.internal.classloader.FilteringClassLoader                            : loaded 2 times (x 105B)
Class org.gradle.internal.classloader.ClassLoaderHierarchy                            : loaded 2 times (x 70B)
Class org.gradle.api.internal.classpath.ManifestUtil                                  : loaded 2 times (x 71B)
Class org.gradle.internal.classloader.DefaultClassLoaderFactory                       : loaded 2 times (x 82B)
Class org.gradle.internal.classloader.ClassLoaderVisitor                              : loaded 2 times (x 76B)
Class org.gradle.api.internal.classpath.EffectiveClassPath                            : loaded 2 times (x 90B)
Class org.gradle.api.internal.DefaultClassPathProvider                                : loaded 2 times (x 76B)
Class [Lorg.gradle.api.internal.ClassPathProvider;                                    : loaded 2 times (x 69B)
Class org.gradle.api.internal.ClassPathProvider                                       : loaded 2 times (x 70B)
Class org.gradle.internal.service.UnknownServiceException                             : loaded 2 times (x 83B)
Class org.gradle.internal.classpath.TransformedClassPath                              : loaded 2 times (x 96B)
Class org.gradle.internal.classloader.InstrumentingClassLoader                        : loaded 2 times (x 70B)
Class org.gradle.internal.service.ServiceLocator                                      : loaded 2 times (x 70B)
Class org.gradle.internal.classloader.ClasspathUtil$1                                 : loaded 2 times (x 76B)
Class org.gradle.api.internal.classpath.DefaultModuleRegistry$DefaultModule           : loaded 2 times (x 86B)
Class org.gradle.api.internal.classpath.Module                                        : loaded 2 times (x 70B)
Class ijKotlinCoroutineJvmDebugInit1_304z3prfvr8kmkv6gmy1lljlt$_run_closure1          : loaded 2 times (x 139B)
Class org.gradle.api.internal.classpath.UnknownModuleException                        : loaded 2 times (x 82B)
Class org.gradle.api.internal.DefaultClassPathRegistry                                : loaded 2 times (x 76B)
Class org.gradle.api.internal.ClassPathRegistry                                       : loaded 2 times (x 70B)
Class org.gradle.internal.classpath.DefaultClassPath$ImmutableUniqueList              : loaded 2 times (x 199B)
Class Settings_gradle$1                                                               : loaded 2 times (x 74B)
Class Program                                                                         : loaded 2 times (x 72B)
Class org.gradle.internal.classpath.ClassPath                                         : loaded 2 times (x 70B)
Class org.gradle.api.internal.classpath.ModuleRegistry                                : loaded 2 times (x 70B)
Class org.gradle.internal.installation.GradleInstallation$1                           : loaded 2 times (x 75B)
Class ijJvmDebugger1_2vo8nnuqe8yg4l9ak5kr516ns                                        : loaded 2 times (x 171B)
Class org.gradle.api.internal.classpath.DefaultModuleRegistry                         : loaded 2 times (x 86B)
Class org.gradle.internal.service.ServiceLookupException                              : loaded 2 times (x 82B)
Class org.gradle.internal.classloader.ClassLoaderFactory                              : loaded 2 times (x 70B)
Class org.gradle.internal.service.CachingServiceLocator                               : loaded 2 times (x 82B)
Class org.gradle.internal.classloader.ClasspathUtil                                   : loaded 2 times (x 71B)
Class ijJvmDebugger1_2vo8nnuqe8yg4l9ak5kr516ns$_run_closure1                          : loaded 2 times (x 139B)
Class org.gradle.api.specs.Spec                                                       : loaded 2 times (x 70B)
Class ijKotlinCoroutineJvmDebugInit1_304z3prfvr8kmkv6gmy1lljlt$_run_closure1$_closure2: loaded 2 times (x 139B)
Class org.gradle.internal.classloader.VisitableURLClassLoader$InstrumentingVisitableURLClassLoader: loaded 2 times (x 123B)
Class org.gradle.internal.classloader.VisitableURLClassLoader$Spec                    : loaded 2 times (x 74B)
Class org.gradle.internal.classpath.DefaultClassPath                                  : loaded 2 times (x 90B)
Class org.gradle.internal.classloader.ClassLoaderSpec                                 : loaded 2 times (x 71B)
Class Settings_gradle$1$1                                                             : loaded 2 times (x 74B)
Class org.gradle.internal.classloader.VisitableURLClassLoader                         : loaded 2 times (x 117B)
Class Settings_gradle                                                                 : loaded 2 times (x 124B)
Class org.gradle.internal.Cast                                                        : loaded 2 times (x 71B)
Class org.gradle.api.Action                                                           : loaded 2 times (x 70B)
Class org.gradle.internal.classpath.DefaultClassPath$ImmutableUniqueList$Builder      : loaded 2 times (x 75B)
Class org.gradle.api.GradleException                                                  : loaded 2 times (x 82B)
Class org.gradle.internal.IoActions                                                   : loaded 2 times (x 71B)
Class org.gradle.internal.classloader.SystemClassLoaderSpec                           : loaded 2 times (x 71B)
Class ijKotlinCoroutineJvmDebugInit1_304z3prfvr8kmkv6gmy1lljlt                        : loaded 2 times (x 171B)
Class org.gradle.api.internal.classpath.GlobalCacheRootsProvider                      : loaded 2 times (x 70B)
Class org.gradle.internal.installation.CurrentGradleInstallationLocator               : loaded 2 times (x 71B)
Class org.gradle.internal.service.DefaultServiceLocator                               : loaded 2 times (x 83B)
Class org.gradle.internal.installation.CurrentGradleInstallation                      : loaded 2 times (x 73B)
Class org.gradle.util.internal.GUtil                                                  : loaded 2 times (x 71B)
Class org.gradle.internal.installation.GradleInstallation                             : loaded 2 times (x 75B)

---------------  S Y S T E M  ---------------

OS:
 Windows 11 , 64 bit Build 26100 (10.0.26100.8328)
OS uptime: 12 days 3:52 hours
Hyper-V role detected

CPU: total 12 (initial active 12) (12 cores per cpu, 2 threads per core) family 23 model 104 stepping 1 microcode 0x8608107, cx8, cmov, fxsr, ht, mmx, 3dnowpref, sse, sse2, sse3, ssse3, sse4a, sse4.1, sse4.2, popcnt, lzcnt, tsc, tscinvbit, avx, avx2, aes, clmul, bmi1, bmi2, adx, sha, fma, vzeroupper, clflush, clflushopt, hv, rdtscp, rdpid, f16c
Processor Information for the first 12 processors :
  Max Mhz: 2100, Current Mhz: 2100, Mhz Limit: 2100

Memory: 4k page, system-wide physical 7501M (573M free)
TotalPageFile size 21837M (AvailPageFile size 32M)
current process WorkingSet (physical memory assigned to process): 338M, peak: 342M
current process commit charge ("private bytes"): 379M, peak: 383M

vm_info: OpenJDK 64-Bit Server VM (21.0.10+-14961533-b1163.108) for windows-amd64 JRE (21.0.10+-14961533-b1163.108), built on 2026-03-02T19:58:50Z by "builder" with MS VC++ 16.10 / 16.11 (VS2019)

END.
